// Vitest Snapshot v1, https://vitest.dev/guide/snapshot.html

exports[`Card > should render Card component to match snapshot 1`] = `
{
  "asFragment": [Function],
  "baseElement": <body>
    <div>
      <div
        class="rounded-xl border bg-card/60 text-card-foreground shadow-md backdrop-blur-md backdrop-saturate-200 w-[380px]"
      >
        <div
          class="flex flex-col space-y-1.5 p-6"
        >
          <h3
            class="font-semibold leading-none tracking-tight"
          >
            Notifications
          </h3>
          <p
            class="text-sm text-muted-foreground"
          >
            You have 3 unread messages.
          </p>
        </div>
        <div
          class="p-6 pt-0 grid gap-4"
        >
          <div
            class=" flex items-center space-x-4 rounded-md border p-4"
          >
            <svg
              class="lucide lucide-bell-ring"
              fill="none"
              height="24"
              stroke="currentColor"
              stroke-linecap="round"
              stroke-linejoin="round"
              stroke-width="2"
              viewBox="0 0 24 24"
              width="24"
              xmlns="http://www.w3.org/2000/svg"
            >
              <path
                d="M10.268 21a2 2 0 0 0 3.464 0"
              />
              <path
                d="M22 8c0-2.3-.8-4.3-2-6"
              />
              <path
                d="M3.262 15.326A1 1 0 0 0 4 17h16a1 1 0 0 0 .74-1.673C19.41 13.956 18 12.499 18 8A6 6 0 0 0 6 8c0 4.499-1.411 5.956-2.738 7.326"
              />
              <path
                d="M4 2C2.8 3.7 2 5.7 2 8"
              />
            </svg>
            <div
              class="flex-1 space-y-1"
            >
              <p
                class="text-sm font-medium leading-none"
              >
                Push Notifications
              </p>
              <p
                class="text-sm text-muted-foreground"
              >
                Send notifications to device.
              </p>
            </div>
            <button
              aria-checked="false"
              class="peer inline-flex h-5 w-9 shrink-0 cursor-pointer items-center rounded-full border-2 border-transparent shadow-sm transition-colors focus-visible:outline-none focus-visible:ring-2 focus-visible:ring-ring focus-visible:ring-offset-2 focus-visible:ring-offset-background disabled:cursor-not-allowed disabled:opacity-50 data-[state=checked]:bg-primary data-[state=unchecked]:bg-input"
              data-state="unchecked"
              role="switch"
              type="button"
              value="on"
            >
              <span
                class="pointer-events-none block h-4 w-4 rounded-full bg-background shadow-lg ring-0 transition-transform data-[state=checked]:translate-x-4 data-[state=unchecked]:translate-x-0"
                data-state="unchecked"
              />
            </button>
          </div>
          <div>
            <div
              class="mb-4 grid grid-cols-[25px_1fr] items-start pb-4 last:mb-0 last:pb-0"
            >
              <span
                class="flex h-2 w-2 translate-y-1 rounded-full bg-sky-500"
              />
              <div
                class="space-y-1"
              >
                <p
                  class="text-sm font-medium leading-none"
                >
                  Your call has been confirmed.
                </p>
                <p
                  class="text-sm text-muted-foreground"
                >
                  1 hour ago
                </p>
              </div>
            </div>
            <div
              class="mb-4 grid grid-cols-[25px_1fr] items-start pb-4 last:mb-0 last:pb-0"
            >
              <span
                class="flex h-2 w-2 translate-y-1 rounded-full bg-sky-500"
              />
              <div
                class="space-y-1"
              >
                <p
                  class="text-sm font-medium leading-none"
                >
                  You have a new message!
                </p>
                <p
                  class="text-sm text-muted-foreground"
                >
                  1 hour ago
                </p>
              </div>
            </div>
            <div
              class="mb-4 grid grid-cols-[25px_1fr] items-start pb-4 last:mb-0 last:pb-0"
            >
              <span
                class="flex h-2 w-2 translate-y-1 rounded-full bg-sky-500"
              />
              <div
                class="space-y-1"
              >
                <p
                  class="text-sm font-medium leading-none"
                >
                  Your subscription is expiring soon!
                </p>
                <p
                  class="text-sm text-muted-foreground"
                >
                  2 hours ago
                </p>
              </div>
            </div>
          </div>
        </div>
        <div
          class="flex items-center p-6 pt-0"
        >
          <button
            class="inline-flex items-center justify-center whitespace-nowrap rounded-md text-sm font-medium ring-offset-background backdrop-blur-md backdrop-saturate-100 transition-colors focus-visible:outline-none focus-visible:ring-2 focus-visible:ring-ring focus-visible:ring-offset-2 disabled:pointer-events-none disabled:opacity-50 bg-primary/80 text-primary-foreground hover:bg-primary/60 h-10 px-4 py-2 w-full"
          >
            <svg
              class="lucide lucide-check mr-2 h-4 w-4"
              fill="none"
              height="24"
              stroke="currentColor"
              stroke-linecap="round"
              stroke-linejoin="round"
              stroke-width="2"
              viewBox="0 0 24 24"
              width="24"
              xmlns="http://www.w3.org/2000/svg"
            >
              <path
                d="M20 6 9 17l-5-5"
              />
            </svg>
             Mark all as read
          </button>
        </div>
      </div>
    </div>
  </body>,
  "container": <div>
    <div
      class="rounded-xl border bg-card/60 text-card-foreground shadow-md backdrop-blur-md backdrop-saturate-200 w-[380px]"
    >
      <div
        class="flex flex-col space-y-1.5 p-6"
      >
        <h3
          class="font-semibold leading-none tracking-tight"
        >
          Notifications
        </h3>
        <p
          class="text-sm text-muted-foreground"
        >
          You have 3 unread messages.
        </p>
      </div>
      <div
        class="p-6 pt-0 grid gap-4"
      >
        <div
          class=" flex items-center space-x-4 rounded-md border p-4"
        >
          <svg
            class="lucide lucide-bell-ring"
            fill="none"
            height="24"
            stroke="currentColor"
            stroke-linecap="round"
            stroke-linejoin="round"
            stroke-width="2"
            viewBox="0 0 24 24"
            width="24"
            xmlns="http://www.w3.org/2000/svg"
          >
            <path
              d="M10.268 21a2 2 0 0 0 3.464 0"
            />
            <path
              d="M22 8c0-2.3-.8-4.3-2-6"
            />
            <path
              d="M3.262 15.326A1 1 0 0 0 4 17h16a1 1 0 0 0 .74-1.673C19.41 13.956 18 12.499 18 8A6 6 0 0 0 6 8c0 4.499-1.411 5.956-2.738 7.326"
            />
            <path
              d="M4 2C2.8 3.7 2 5.7 2 8"
            />
          </svg>
          <div
            class="flex-1 space-y-1"
          >
            <p
              class="text-sm font-medium leading-none"
            >
              Push Notifications
            </p>
            <p
              class="text-sm text-muted-foreground"
            >
              Send notifications to device.
            </p>
          </div>
          <button
            aria-checked="false"
            class="peer inline-flex h-5 w-9 shrink-0 cursor-pointer items-center rounded-full border-2 border-transparent shadow-sm transition-colors focus-visible:outline-none focus-visible:ring-2 focus-visible:ring-ring focus-visible:ring-offset-2 focus-visible:ring-offset-background disabled:cursor-not-allowed disabled:opacity-50 data-[state=checked]:bg-primary data-[state=unchecked]:bg-input"
            data-state="unchecked"
            role="switch"
            type="button"
            value="on"
          >
            <span
              class="pointer-events-none block h-4 w-4 rounded-full bg-background shadow-lg ring-0 transition-transform data-[state=checked]:translate-x-4 data-[state=unchecked]:translate-x-0"
              data-state="unchecked"
            />
          </button>
        </div>
        <div>
          <div
            class="mb-4 grid grid-cols-[25px_1fr] items-start pb-4 last:mb-0 last:pb-0"
          >
            <span
              class="flex h-2 w-2 translate-y-1 rounded-full bg-sky-500"
            />
            <div
              class="space-y-1"
            >
              <p
                class="text-sm font-medium leading-none"
              >
                Your call has been confirmed.
              </p>
              <p
                class="text-sm text-muted-foreground"
              >
                1 hour ago
              </p>
            </div>
          </div>
          <div
            class="mb-4 grid grid-cols-[25px_1fr] items-start pb-4 last:mb-0 last:pb-0"
          >
            <span
              class="flex h-2 w-2 translate-y-1 rounded-full bg-sky-500"
            />
            <div
              class="space-y-1"
            >
              <p
                class="text-sm font-medium leading-none"
              >
                You have a new message!
              </p>
              <p
                class="text-sm text-muted-foreground"
              >
                1 hour ago
              </p>
            </div>
          </div>
          <div
            class="mb-4 grid grid-cols-[25px_1fr] items-start pb-4 last:mb-0 last:pb-0"
          >
            <span
              class="flex h-2 w-2 translate-y-1 rounded-full bg-sky-500"
            />
            <div
              class="space-y-1"
            >
              <p
                class="text-sm font-medium leading-none"
              >
                Your subscription is expiring soon!
              </p>
              <p
                class="text-sm text-muted-foreground"
              >
                2 hours ago
              </p>
            </div>
          </div>
        </div>
      </div>
      <div
        class="flex items-center p-6 pt-0"
      >
        <button
          class="inline-flex items-center justify-center whitespace-nowrap rounded-md text-sm font-medium ring-offset-background backdrop-blur-md backdrop-saturate-100 transition-colors focus-visible:outline-none focus-visible:ring-2 focus-visible:ring-ring focus-visible:ring-offset-2 disabled:pointer-events-none disabled:opacity-50 bg-primary/80 text-primary-foreground hover:bg-primary/60 h-10 px-4 py-2 w-full"
        >
          <svg
            class="lucide lucide-check mr-2 h-4 w-4"
            fill="none"
            height="24"
            stroke="currentColor"
            stroke-linecap="round"
            stroke-linejoin="round"
            stroke-width="2"
            viewBox="0 0 24 24"
            width="24"
            xmlns="http://www.w3.org/2000/svg"
          >
            <path
              d="M20 6 9 17l-5-5"
            />
          </svg>
           Mark all as read
        </button>
      </div>
    </div>
  </div>,
  "debug": [Function],
  "findAllByAltText": [Function],
  "findAllByDisplayValue": [Function],
  "findAllByLabelText": [Function],
  "findAllByPlaceholderText": [Function],
  "findAllByRole": [Function],
  "findAllByTestId": [Function],
  "findAllByText": [Function],
  "findAllByTitle": [Function],
  "findByAltText": [Function],
  "findByDisplayValue": [Function],
  "findByLabelText": [Function],
  "findByPlaceholderText": [Function],
  "findByRole": [Function],
  "findByTestId": [Function],
  "findByText": [Function],
  "findByTitle": [Function],
  "getAllByAltText": [Function],
  "getAllByDisplayValue": [Function],
  "getAllByLabelText": [Function],
  "getAllByPlaceholderText": [Function],
  "getAllByRole": [Function],
  "getAllByTestId": [Function],
  "getAllByText": [Function],
  "getAllByTitle": [Function],
  "getByAltText": [Function],
  "getByDisplayValue": [Function],
  "getByLabelText": [Function],
  "getByPlaceholderText": [Function],
  "getByRole": [Function],
  "getByTestId": [Function],
  "getByText": [Function],
  "getByTitle": [Function],
  "queryAllByAltText": [Function],
  "queryAllByDisplayValue": [Function],
  "queryAllByLabelText": [Function],
  "queryAllByPlaceholderText": [Function],
  "queryAllByRole": [Function],
  "queryAllByTestId": [Function],
  "queryAllByText": [Function],
  "queryAllByTitle": [Function],
  "queryByAltText": [Function],
  "queryByDisplayValue": [Function],
  "queryByLabelText": [Function],
  "queryByPlaceholderText": [Function],
  "queryByRole": [Function],
  "queryByTestId": [Function],
  "queryByText": [Function],
  "queryByTitle": [Function],
  "rerender": [Function],
  "unmount": [Function],
}
`;
