// Vitest Snapshot v1, https://vitest.dev/guide/snapshot.html

exports[`AspectRatio > should render AspectRatio component to match snapshot 1`] = `
{
  "asFragment": [Function],
  "baseElement": <body>
    <div>
      <div
        data-radix-aspect-ratio-wrapper=""
        style="position: relative; width: 100%; padding-bottom: 6.25%;"
      >
        <div
          style="position: absolute; top: 0px; right: 0px; bottom: 0px; left: 0px;"
        >
          <img
            alt="thumbnail"
            src="https://wowslider.com/sliders/demo-31/data1/images/autumn1072827.jpg"
            style="position: absolute; top: 0px; left: 0px; width: 100%; height: 100%;"
          />
        </div>
      </div>
    </div>
  </body>,
  "container": <div>
    <div
      data-radix-aspect-ratio-wrapper=""
      style="position: relative; width: 100%; padding-bottom: 6.25%;"
    >
      <div
        style="position: absolute; top: 0px; right: 0px; bottom: 0px; left: 0px;"
      >
        <img
          alt="thumbnail"
          src="https://wowslider.com/sliders/demo-31/data1/images/autumn1072827.jpg"
          style="position: absolute; top: 0px; left: 0px; width: 100%; height: 100%;"
        />
      </div>
    </div>
  </div>,
  "debug": [Function],
  "findAllByAltText": [Function],
  "findAllByDisplayValue": [Function],
  "findAllByLabelText": [Function],
  "findAllByPlaceholderText": [Function],
  "findAllByRole": [Function],
  "findAllByTestId": [Function],
  "findAllByText": [Function],
  "findAllByTitle": [Function],
  "findByAltText": [Function],
  "findByDisplayValue": [Function],
  "findByLabelText": [Function],
  "findByPlaceholderText": [Function],
  "findByRole": [Function],
  "findByTestId": [Function],
  "findByText": [Function],
  "findByTitle": [Function],
  "getAllByAltText": [Function],
  "getAllByDisplayValue": [Function],
  "getAllByLabelText": [Function],
  "getAllByPlaceholderText": [Function],
  "getAllByRole": [Function],
  "getAllByTestId": [Function],
  "getAllByText": [Function],
  "getAllByTitle": [Function],
  "getByAltText": [Function],
  "getByDisplayValue": [Function],
  "getByLabelText": [Function],
  "getByPlaceholderText": [Function],
  "getByRole": [Function],
  "getByTestId": [Function],
  "getByText": [Function],
  "getByTitle": [Function],
  "queryAllByAltText": [Function],
  "queryAllByDisplayValue": [Function],
  "queryAllByLabelText": [Function],
  "queryAllByPlaceholderText": [Function],
  "queryAllByRole": [Function],
  "queryAllByTestId": [Function],
  "queryAllByText": [Function],
  "queryAllByTitle": [Function],
  "queryByAltText": [Function],
  "queryByDisplayValue": [Function],
  "queryByLabelText": [Function],
  "queryByPlaceholderText": [Function],
  "queryByRole": [Function],
  "queryByTestId": [Function],
  "queryByText": [Function],
  "queryByTitle": [Function],
  "rerender": [Function],
  "unmount": [Function],
}
`;
