// Vitest Snapshot v1, https://vitest.dev/guide/snapshot.html

exports[`Switch > should render Switch component to match snapshot 1`] = `
{
  "asFragment": [Function],
  "baseElement": <body>
    <div>
      <div
        class="flex items-center space-x-2"
      >
        <button
          aria-checked="false"
          class="peer inline-flex h-5 w-9 shrink-0 cursor-pointer items-center rounded-full border-2 border-transparent shadow-sm transition-colors focus-visible:outline-none focus-visible:ring-2 focus-visible:ring-ring focus-visible:ring-offset-2 focus-visible:ring-offset-background disabled:cursor-not-allowed disabled:opacity-50 data-[state=checked]:bg-primary data-[state=unchecked]:bg-input"
          data-state="unchecked"
          id="airplane-mode"
          role="switch"
          type="button"
          value="on"
        >
          <span
            class="pointer-events-none block h-4 w-4 rounded-full bg-background shadow-lg ring-0 transition-transform data-[state=checked]:translate-x-4 data-[state=unchecked]:translate-x-0"
            data-state="unchecked"
          />
        </button>
        <label
          class="text-sm font-medium leading-none peer-disabled:cursor-not-allowed peer-disabled:opacity-70"
          for="airplane-mode"
        >
          Airplane Mode
        </label>
      </div>
    </div>
  </body>,
  "container": <div>
    <div
      class="flex items-center space-x-2"
    >
      <button
        aria-checked="false"
        class="peer inline-flex h-5 w-9 shrink-0 cursor-pointer items-center rounded-full border-2 border-transparent shadow-sm transition-colors focus-visible:outline-none focus-visible:ring-2 focus-visible:ring-ring focus-visible:ring-offset-2 focus-visible:ring-offset-background disabled:cursor-not-allowed disabled:opacity-50 data-[state=checked]:bg-primary data-[state=unchecked]:bg-input"
        data-state="unchecked"
        id="airplane-mode"
        role="switch"
        type="button"
        value="on"
      >
        <span
          class="pointer-events-none block h-4 w-4 rounded-full bg-background shadow-lg ring-0 transition-transform data-[state=checked]:translate-x-4 data-[state=unchecked]:translate-x-0"
          data-state="unchecked"
        />
      </button>
      <label
        class="text-sm font-medium leading-none peer-disabled:cursor-not-allowed peer-disabled:opacity-70"
        for="airplane-mode"
      >
        Airplane Mode
      </label>
    </div>
  </div>,
  "debug": [Function],
  "findAllByAltText": [Function],
  "findAllByDisplayValue": [Function],
  "findAllByLabelText": [Function],
  "findAllByPlaceholderText": [Function],
  "findAllByRole": [Function],
  "findAllByTestId": [Function],
  "findAllByText": [Function],
  "findAllByTitle": [Function],
  "findByAltText": [Function],
  "findByDisplayValue": [Function],
  "findByLabelText": [Function],
  "findByPlaceholderText": [Function],
  "findByRole": [Function],
  "findByTestId": [Function],
  "findByText": [Function],
  "findByTitle": [Function],
  "getAllByAltText": [Function],
  "getAllByDisplayValue": [Function],
  "getAllByLabelText": [Function],
  "getAllByPlaceholderText": [Function],
  "getAllByRole": [Function],
  "getAllByTestId": [Function],
  "getAllByText": [Function],
  "getAllByTitle": [Function],
  "getByAltText": [Function],
  "getByDisplayValue": [Function],
  "getByLabelText": [Function],
  "getByPlaceholderText": [Function],
  "getByRole": [Function],
  "getByTestId": [Function],
  "getByText": [Function],
  "getByTitle": [Function],
  "queryAllByAltText": [Function],
  "queryAllByDisplayValue": [Function],
  "queryAllByLabelText": [Function],
  "queryAllByPlaceholderText": [Function],
  "queryAllByRole": [Function],
  "queryAllByTestId": [Function],
  "queryAllByText": [Function],
  "queryAllByTitle": [Function],
  "queryByAltText": [Function],
  "queryByDisplayValue": [Function],
  "queryByLabelText": [Function],
  "queryByPlaceholderText": [Function],
  "queryByRole": [Function],
  "queryByTestId": [Function],
  "queryByText": [Function],
  "queryByTitle": [Function],
  "rerender": [Function],
  "unmount": [Function],
}
`;
