// Vitest Snapshot v1, https://vitest.dev/guide/snapshot.html

exports[`Menubar > should render Menubar component to match snapshot 1`] = `
{
  "asFragment": [Function],
  "baseElement": <body>
    <div>
      <div
        class="flex h-9 items-center space-x-1 rounded-md border bg-background p-1 shadow-sm"
        data-orientation="horizontal"
        role="menubar"
        style="outline: none;"
        tabindex="0"
      >
        <button
          aria-expanded="false"
          aria-haspopup="menu"
          class="flex cursor-default select-none items-center rounded-sm px-3 py-1 text-sm font-medium outline-none focus:bg-accent focus:text-accent-foreground data-[state=open]:bg-accent data-[state=open]:text-accent-foreground"
          data-orientation="horizontal"
          data-radix-collection-item=""
          data-state="closed"
          id="radix-:r1:"
          role="menuitem"
          tabindex="-1"
          type="button"
        >
          File
        </button>
        <button
          aria-expanded="false"
          aria-haspopup="menu"
          class="flex cursor-default select-none items-center rounded-sm px-3 py-1 text-sm font-medium outline-none focus:bg-accent focus:text-accent-foreground data-[state=open]:bg-accent data-[state=open]:text-accent-foreground"
          data-orientation="horizontal"
          data-radix-collection-item=""
          data-state="closed"
          id="radix-:r5:"
          role="menuitem"
          tabindex="-1"
          type="button"
        >
          Edit
        </button>
        <button
          aria-expanded="false"
          aria-haspopup="menu"
          class="flex cursor-default select-none items-center rounded-sm px-3 py-1 text-sm font-medium outline-none focus:bg-accent focus:text-accent-foreground data-[state=open]:bg-accent data-[state=open]:text-accent-foreground"
          data-orientation="horizontal"
          data-radix-collection-item=""
          data-state="closed"
          id="radix-:r9:"
          role="menuitem"
          tabindex="-1"
          type="button"
        >
          View
        </button>
        <button
          aria-expanded="false"
          aria-haspopup="menu"
          class="flex cursor-default select-none items-center rounded-sm px-3 py-1 text-sm font-medium outline-none focus:bg-accent focus:text-accent-foreground data-[state=open]:bg-accent data-[state=open]:text-accent-foreground"
          data-orientation="horizontal"
          data-radix-collection-item=""
          data-state="closed"
          id="radix-:rd:"
          role="menuitem"
          tabindex="-1"
          type="button"
        >
          Profiles
        </button>
      </div>
    </div>
  </body>,
  "container": <div>
    <div
      class="flex h-9 items-center space-x-1 rounded-md border bg-background p-1 shadow-sm"
      data-orientation="horizontal"
      role="menubar"
      style="outline: none;"
      tabindex="0"
    >
      <button
        aria-expanded="false"
        aria-haspopup="menu"
        class="flex cursor-default select-none items-center rounded-sm px-3 py-1 text-sm font-medium outline-none focus:bg-accent focus:text-accent-foreground data-[state=open]:bg-accent data-[state=open]:text-accent-foreground"
        data-orientation="horizontal"
        data-radix-collection-item=""
        data-state="closed"
        id="radix-:r1:"
        role="menuitem"
        tabindex="-1"
        type="button"
      >
        File
      </button>
      <button
        aria-expanded="false"
        aria-haspopup="menu"
        class="flex cursor-default select-none items-center rounded-sm px-3 py-1 text-sm font-medium outline-none focus:bg-accent focus:text-accent-foreground data-[state=open]:bg-accent data-[state=open]:text-accent-foreground"
        data-orientation="horizontal"
        data-radix-collection-item=""
        data-state="closed"
        id="radix-:r5:"
        role="menuitem"
        tabindex="-1"
        type="button"
      >
        Edit
      </button>
      <button
        aria-expanded="false"
        aria-haspopup="menu"
        class="flex cursor-default select-none items-center rounded-sm px-3 py-1 text-sm font-medium outline-none focus:bg-accent focus:text-accent-foreground data-[state=open]:bg-accent data-[state=open]:text-accent-foreground"
        data-orientation="horizontal"
        data-radix-collection-item=""
        data-state="closed"
        id="radix-:r9:"
        role="menuitem"
        tabindex="-1"
        type="button"
      >
        View
      </button>
      <button
        aria-expanded="false"
        aria-haspopup="menu"
        class="flex cursor-default select-none items-center rounded-sm px-3 py-1 text-sm font-medium outline-none focus:bg-accent focus:text-accent-foreground data-[state=open]:bg-accent data-[state=open]:text-accent-foreground"
        data-orientation="horizontal"
        data-radix-collection-item=""
        data-state="closed"
        id="radix-:rd:"
        role="menuitem"
        tabindex="-1"
        type="button"
      >
        Profiles
      </button>
    </div>
  </div>,
  "debug": [Function],
  "findAllByAltText": [Function],
  "findAllByDisplayValue": [Function],
  "findAllByLabelText": [Function],
  "findAllByPlaceholderText": [Function],
  "findAllByRole": [Function],
  "findAllByTestId": [Function],
  "findAllByText": [Function],
  "findAllByTitle": [Function],
  "findByAltText": [Function],
  "findByDisplayValue": [Function],
  "findByLabelText": [Function],
  "findByPlaceholderText": [Function],
  "findByRole": [Function],
  "findByTestId": [Function],
  "findByText": [Function],
  "findByTitle": [Function],
  "getAllByAltText": [Function],
  "getAllByDisplayValue": [Function],
  "getAllByLabelText": [Function],
  "getAllByPlaceholderText": [Function],
  "getAllByRole": [Function],
  "getAllByTestId": [Function],
  "getAllByText": [Function],
  "getAllByTitle": [Function],
  "getByAltText": [Function],
  "getByDisplayValue": [Function],
  "getByLabelText": [Function],
  "getByPlaceholderText": [Function],
  "getByRole": [Function],
  "getByTestId": [Function],
  "getByText": [Function],
  "getByTitle": [Function],
  "queryAllByAltText": [Function],
  "queryAllByDisplayValue": [Function],
  "queryAllByLabelText": [Function],
  "queryAllByPlaceholderText": [Function],
  "queryAllByRole": [Function],
  "queryAllByTestId": [Function],
  "queryAllByText": [Function],
  "queryAllByTitle": [Function],
  "queryByAltText": [Function],
  "queryByDisplayValue": [Function],
  "queryByLabelText": [Function],
  "queryByPlaceholderText": [Function],
  "queryByRole": [Function],
  "queryByTestId": [Function],
  "queryByText": [Function],
  "queryByTitle": [Function],
  "rerender": [Function],
  "unmount": [Function],
}
`;
