// Vitest Snapshot v1, https://vitest.dev/guide/snapshot.html

exports[`FileDrop > should render FileDrop component to match snapshot 1`] = `
{
  "asFragment": [Function],
  "baseElement": <body>
    <div>
      <div
        class="rounded-xl border bg-card/60 text-card-foreground shadow-md backdrop-blur-md backdrop-saturate-200 p-5"
      >
        <div
          class="flex flex-col space-y-1.5 p-6"
        >
          <h3
            class="font-semibold leading-none tracking-tight"
          >
            Upload File
          </h3>
          <p
            class="text-sm text-muted-foreground"
          >
            Drag & Drop or Click Browse to Upload File
          </p>
        </div>
        <div
          class="p-6 pt-0"
        >
          <div
            class=""
          >
            <div
              class="bg-primary-foreground/30 flex-col items-center border-2 border-dashed border-primary-foreground/30 rounded transition .24s ease-in-out flex p-5"
              role="presentation"
              tabindex="0"
            >
              <input
                multiple=""
                style="border: 0px; clip: rect(0px, 0px, 0px, 0px); clip-path: inset(50%); height: 1px; margin: 0px -1px -1px 0px; overflow: hidden; padding: 0px; position: absolute; width: 1px; white-space: nowrap;"
                tabindex="-1"
                type="file"
              />
              <p
                class="cursor-pointer text-slate-700/30 underline"
              >
                Browse
              </p>
            </div>
          </div>
        </div>
      </div>
    </div>
  </body>,
  "container": <div>
    <div
      class="rounded-xl border bg-card/60 text-card-foreground shadow-md backdrop-blur-md backdrop-saturate-200 p-5"
    >
      <div
        class="flex flex-col space-y-1.5 p-6"
      >
        <h3
          class="font-semibold leading-none tracking-tight"
        >
          Upload File
        </h3>
        <p
          class="text-sm text-muted-foreground"
        >
          Drag & Drop or Click Browse to Upload File
        </p>
      </div>
      <div
        class="p-6 pt-0"
      >
        <div
          class=""
        >
          <div
            class="bg-primary-foreground/30 flex-col items-center border-2 border-dashed border-primary-foreground/30 rounded transition .24s ease-in-out flex p-5"
            role="presentation"
            tabindex="0"
          >
            <input
              multiple=""
              style="border: 0px; clip: rect(0px, 0px, 0px, 0px); clip-path: inset(50%); height: 1px; margin: 0px -1px -1px 0px; overflow: hidden; padding: 0px; position: absolute; width: 1px; white-space: nowrap;"
              tabindex="-1"
              type="file"
            />
            <p
              class="cursor-pointer text-slate-700/30 underline"
            >
              Browse
            </p>
          </div>
        </div>
      </div>
    </div>
  </div>,
  "debug": [Function],
  "findAllByAltText": [Function],
  "findAllByDisplayValue": [Function],
  "findAllByLabelText": [Function],
  "findAllByPlaceholderText": [Function],
  "findAllByRole": [Function],
  "findAllByTestId": [Function],
  "findAllByText": [Function],
  "findAllByTitle": [Function],
  "findByAltText": [Function],
  "findByDisplayValue": [Function],
  "findByLabelText": [Function],
  "findByPlaceholderText": [Function],
  "findByRole": [Function],
  "findByTestId": [Function],
  "findByText": [Function],
  "findByTitle": [Function],
  "getAllByAltText": [Function],
  "getAllByDisplayValue": [Function],
  "getAllByLabelText": [Function],
  "getAllByPlaceholderText": [Function],
  "getAllByRole": [Function],
  "getAllByTestId": [Function],
  "getAllByText": [Function],
  "getAllByTitle": [Function],
  "getByAltText": [Function],
  "getByDisplayValue": [Function],
  "getByLabelText": [Function],
  "getByPlaceholderText": [Function],
  "getByRole": [Function],
  "getByTestId": [Function],
  "getByText": [Function],
  "getByTitle": [Function],
  "queryAllByAltText": [Function],
  "queryAllByDisplayValue": [Function],
  "queryAllByLabelText": [Function],
  "queryAllByPlaceholderText": [Function],
  "queryAllByRole": [Function],
  "queryAllByTestId": [Function],
  "queryAllByText": [Function],
  "queryAllByTitle": [Function],
  "queryByAltText": [Function],
  "queryByDisplayValue": [Function],
  "queryByLabelText": [Function],
  "queryByPlaceholderText": [Function],
  "queryByRole": [Function],
  "queryByTestId": [Function],
  "queryByText": [Function],
  "queryByTitle": [Function],
  "rerender": [Function],
  "unmount": [Function],
}
`;
