// Vitest Snapshot v1, https://vitest.dev/guide/snapshot.html

exports[`InputOTP > should render InputOTP component to match snapshot 1`] = `
{
  "asFragment": [Function],
  "baseElement": <body>
    <div>
      <noscript />
      <div
        class="flex items-center gap-2 has-[:disabled]:opacity-50"
        data-input-otp-container="true"
        style="position: relative; cursor: text; user-select: none; pointer-events: none; --root-height: 0px;"
      >
        <div
          class="flex items-center"
        >
          <div
            class="relative flex h-10 w-10 items-center justify-center border-y border-r border-input text-sm transition-all first:rounded-l-md first:border-l last:rounded-r-md"
          />
          <div
            class="relative flex h-10 w-10 items-center justify-center border-y border-r border-input text-sm transition-all first:rounded-l-md first:border-l last:rounded-r-md"
          />
          <div
            class="relative flex h-10 w-10 items-center justify-center border-y border-r border-input text-sm transition-all first:rounded-l-md first:border-l last:rounded-r-md"
          />
        </div>
        <div
          role="separator"
        >
          <svg
            class="lucide lucide-dot"
            fill="none"
            height="24"
            stroke="currentColor"
            stroke-linecap="round"
            stroke-linejoin="round"
            stroke-width="2"
            viewBox="0 0 24 24"
            width="24"
            xmlns="http://www.w3.org/2000/svg"
          >
            <circle
              cx="12.1"
              cy="12.1"
              r="1"
            />
          </svg>
        </div>
        <div
          class="flex items-center"
        >
          <div
            class="relative flex h-10 w-10 items-center justify-center border-y border-r border-input text-sm transition-all first:rounded-l-md first:border-l last:rounded-r-md"
          />
          <div
            class="relative flex h-10 w-10 items-center justify-center border-y border-r border-input text-sm transition-all first:rounded-l-md first:border-l last:rounded-r-md"
          />
          <div
            class="relative flex h-10 w-10 items-center justify-center border-y border-r border-input text-sm transition-all first:rounded-l-md first:border-l last:rounded-r-md"
          />
        </div>
        <div
          style="position: absolute; inset: 0; pointer-events: none;"
        >
          <input
            autocomplete="one-time-code"
            class="disabled:cursor-not-allowed"
            data-input-otp="true"
            data-input-otp-placeholder-shown="true"
            inputmode="numeric"
            maxlength="6"
            style="position: absolute; inset: 0; width: 100%; height: 100%; display: flex; text-align: left; opacity: 1; color: transparent; pointer-events: all; background: transparent; caret-color: transparent; border: 0px solid transparent; outline: 0 solid transparent; box-shadow: none; line-height: 1; letter-spacing: -.5em; font-family: monospace; font-variant-numeric: tabular-nums;"
            value=""
          />
        </div>
      </div>
    </div>
  </body>,
  "container": <div>
    <noscript />
    <div
      class="flex items-center gap-2 has-[:disabled]:opacity-50"
      data-input-otp-container="true"
      style="position: relative; cursor: text; user-select: none; pointer-events: none; --root-height: 0px;"
    >
      <div
        class="flex items-center"
      >
        <div
          class="relative flex h-10 w-10 items-center justify-center border-y border-r border-input text-sm transition-all first:rounded-l-md first:border-l last:rounded-r-md"
        />
        <div
          class="relative flex h-10 w-10 items-center justify-center border-y border-r border-input text-sm transition-all first:rounded-l-md first:border-l last:rounded-r-md"
        />
        <div
          class="relative flex h-10 w-10 items-center justify-center border-y border-r border-input text-sm transition-all first:rounded-l-md first:border-l last:rounded-r-md"
        />
      </div>
      <div
        role="separator"
      >
        <svg
          class="lucide lucide-dot"
          fill="none"
          height="24"
          stroke="currentColor"
          stroke-linecap="round"
          stroke-linejoin="round"
          stroke-width="2"
          viewBox="0 0 24 24"
          width="24"
          xmlns="http://www.w3.org/2000/svg"
        >
          <circle
            cx="12.1"
            cy="12.1"
            r="1"
          />
        </svg>
      </div>
      <div
        class="flex items-center"
      >
        <div
          class="relative flex h-10 w-10 items-center justify-center border-y border-r border-input text-sm transition-all first:rounded-l-md first:border-l last:rounded-r-md"
        />
        <div
          class="relative flex h-10 w-10 items-center justify-center border-y border-r border-input text-sm transition-all first:rounded-l-md first:border-l last:rounded-r-md"
        />
        <div
          class="relative flex h-10 w-10 items-center justify-center border-y border-r border-input text-sm transition-all first:rounded-l-md first:border-l last:rounded-r-md"
        />
      </div>
      <div
        style="position: absolute; inset: 0; pointer-events: none;"
      >
        <input
          autocomplete="one-time-code"
          class="disabled:cursor-not-allowed"
          data-input-otp="true"
          data-input-otp-placeholder-shown="true"
          inputmode="numeric"
          maxlength="6"
          style="position: absolute; inset: 0; width: 100%; height: 100%; display: flex; text-align: left; opacity: 1; color: transparent; pointer-events: all; background: transparent; caret-color: transparent; border: 0px solid transparent; outline: 0 solid transparent; box-shadow: none; line-height: 1; letter-spacing: -.5em; font-family: monospace; font-variant-numeric: tabular-nums;"
          value=""
        />
      </div>
    </div>
  </div>,
  "debug": [Function],
  "findAllByAltText": [Function],
  "findAllByDisplayValue": [Function],
  "findAllByLabelText": [Function],
  "findAllByPlaceholderText": [Function],
  "findAllByRole": [Function],
  "findAllByTestId": [Function],
  "findAllByText": [Function],
  "findAllByTitle": [Function],
  "findByAltText": [Function],
  "findByDisplayValue": [Function],
  "findByLabelText": [Function],
  "findByPlaceholderText": [Function],
  "findByRole": [Function],
  "findByTestId": [Function],
  "findByText": [Function],
  "findByTitle": [Function],
  "getAllByAltText": [Function],
  "getAllByDisplayValue": [Function],
  "getAllByLabelText": [Function],
  "getAllByPlaceholderText": [Function],
  "getAllByRole": [Function],
  "getAllByTestId": [Function],
  "getAllByText": [Function],
  "getAllByTitle": [Function],
  "getByAltText": [Function],
  "getByDisplayValue": [Function],
  "getByLabelText": [Function],
  "getByPlaceholderText": [Function],
  "getByRole": [Function],
  "getByTestId": [Function],
  "getByText": [Function],
  "getByTitle": [Function],
  "queryAllByAltText": [Function],
  "queryAllByDisplayValue": [Function],
  "queryAllByLabelText": [Function],
  "queryAllByPlaceholderText": [Function],
  "queryAllByRole": [Function],
  "queryAllByTestId": [Function],
  "queryAllByText": [Function],
  "queryAllByTitle": [Function],
  "queryByAltText": [Function],
  "queryByDisplayValue": [Function],
  "queryByLabelText": [Function],
  "queryByPlaceholderText": [Function],
  "queryByRole": [Function],
  "queryByTestId": [Function],
  "queryByText": [Function],
  "queryByTitle": [Function],
  "rerender": [Function],
  "unmount": [Function],
}
`;
