// Vitest Snapshot v1, https://vitest.dev/guide/snapshot.html

exports[`Pagination > should render Pagination component to match snapshot 1`] = `
{
  "asFragment": [Function],
  "baseElement": <body>
    <div>
      <nav
        aria-label="pagination"
        class="mx-auto flex w-full justify-center"
        role="navigation"
      >
        <ul
          class="flex flex-row items-center gap-1"
        >
          <li
            class=""
          >
            <li
              class=""
            >
              <a
                aria-label="Go to previous page"
                class="inline-flex items-center justify-center whitespace-nowrap rounded-md text-sm font-medium ring-offset-background backdrop-blur-md backdrop-saturate-100 transition-colors focus-visible:outline-none focus-visible:ring-2 focus-visible:ring-ring focus-visible:ring-offset-2 disabled:pointer-events-none disabled:opacity-50 backdrop-filter-none hover:bg-accent hover:text-accent-foreground h-10 px-4 py-2 gap-1 pl-2.5"
                href="#"
              >
                <svg
                  class="h-4 w-4"
                  fill="none"
                  height="15"
                  viewBox="0 0 15 15"
                  width="15"
                  xmlns="http://www.w3.org/2000/svg"
                >
                  <path
                    clip-rule="evenodd"
                    d="M8.84182 3.13514C9.04327 3.32401 9.05348 3.64042 8.86462 3.84188L5.43521 7.49991L8.86462 11.1579C9.05348 11.3594 9.04327 11.6758 8.84182 11.8647C8.64036 12.0535 8.32394 12.0433 8.13508 11.8419L4.38508 7.84188C4.20477 7.64955 4.20477 7.35027 4.38508 7.15794L8.13508 3.15794C8.32394 2.95648 8.64036 2.94628 8.84182 3.13514Z"
                    fill="currentColor"
                    fill-rule="evenodd"
                  />
                </svg>
                <span>
                  Previous
                </span>
              </a>
            </li>
          </li>
          <li
            class=""
          >
            <li
              class=""
            >
              <a
                class="inline-flex items-center justify-center whitespace-nowrap rounded-md text-sm font-medium ring-offset-background backdrop-blur-md backdrop-saturate-100 transition-colors focus-visible:outline-none focus-visible:ring-2 focus-visible:ring-ring focus-visible:ring-offset-2 disabled:pointer-events-none disabled:opacity-50 backdrop-filter-none hover:bg-accent hover:text-accent-foreground h-10 px-4 py-2"
                href="#"
              >
                1
              </a>
            </li>
          </li>
          <li
            class=""
          >
            <span
              aria-hidden="true"
              class="flex h-9 w-9 items-center justify-center"
            >
              <svg
                class="h-4 w-4"
                fill="none"
                height="15"
                viewBox="0 0 15 15"
                width="15"
                xmlns="http://www.w3.org/2000/svg"
              >
                <path
                  clip-rule="evenodd"
                  d="M3.625 7.5C3.625 8.12132 3.12132 8.625 2.5 8.625C1.87868 8.625 1.375 8.12132 1.375 7.5C1.375 6.87868 1.87868 6.375 2.5 6.375C3.12132 6.375 3.625 6.87868 3.625 7.5ZM8.625 7.5C8.625 8.12132 8.12132 8.625 7.5 8.625C6.87868 8.625 6.375 8.12132 6.375 7.5C6.375 6.87868 6.87868 6.375 7.5 6.375C8.12132 6.375 8.625 6.87868 8.625 7.5ZM12.5 8.625C13.1213 8.625 13.625 8.12132 13.625 7.5C13.625 6.87868 13.1213 6.375 12.5 6.375C11.8787 6.375 11.375 6.87868 11.375 7.5C11.375 8.12132 11.8787 8.625 12.5 8.625Z"
                  fill="currentColor"
                  fill-rule="evenodd"
                />
              </svg>
              <span
                class="sr-only"
              >
                More pages
              </span>
            </span>
          </li>
          <li
            class=""
          >
            <li
              class=""
            >
              <a
                aria-label="Go to next page"
                class="inline-flex items-center justify-center whitespace-nowrap rounded-md text-sm font-medium ring-offset-background backdrop-blur-md backdrop-saturate-100 transition-colors focus-visible:outline-none focus-visible:ring-2 focus-visible:ring-ring focus-visible:ring-offset-2 disabled:pointer-events-none disabled:opacity-50 backdrop-filter-none hover:bg-accent hover:text-accent-foreground h-10 px-4 py-2 gap-1 pr-2.5"
                href="#"
              >
                <span>
                  Next
                </span>
                <svg
                  class="h-4 w-4"
                  fill="none"
                  height="15"
                  viewBox="0 0 15 15"
                  width="15"
                  xmlns="http://www.w3.org/2000/svg"
                >
                  <path
                    clip-rule="evenodd"
                    d="M6.1584 3.13508C6.35985 2.94621 6.67627 2.95642 6.86514 3.15788L10.6151 7.15788C10.7954 7.3502 10.7954 7.64949 10.6151 7.84182L6.86514 11.8418C6.67627 12.0433 6.35985 12.0535 6.1584 11.8646C5.95694 11.6757 5.94673 11.3593 6.1356 11.1579L9.565 7.49985L6.1356 3.84182C5.94673 3.64036 5.95694 3.32394 6.1584 3.13508Z"
                    fill="currentColor"
                    fill-rule="evenodd"
                  />
                </svg>
              </a>
            </li>
          </li>
        </ul>
      </nav>
    </div>
  </body>,
  "container": <div>
    <nav
      aria-label="pagination"
      class="mx-auto flex w-full justify-center"
      role="navigation"
    >
      <ul
        class="flex flex-row items-center gap-1"
      >
        <li
          class=""
        >
          <li
            class=""
          >
            <a
              aria-label="Go to previous page"
              class="inline-flex items-center justify-center whitespace-nowrap rounded-md text-sm font-medium ring-offset-background backdrop-blur-md backdrop-saturate-100 transition-colors focus-visible:outline-none focus-visible:ring-2 focus-visible:ring-ring focus-visible:ring-offset-2 disabled:pointer-events-none disabled:opacity-50 backdrop-filter-none hover:bg-accent hover:text-accent-foreground h-10 px-4 py-2 gap-1 pl-2.5"
              href="#"
            >
              <svg
                class="h-4 w-4"
                fill="none"
                height="15"
                viewBox="0 0 15 15"
                width="15"
                xmlns="http://www.w3.org/2000/svg"
              >
                <path
                  clip-rule="evenodd"
                  d="M8.84182 3.13514C9.04327 3.32401 9.05348 3.64042 8.86462 3.84188L5.43521 7.49991L8.86462 11.1579C9.05348 11.3594 9.04327 11.6758 8.84182 11.8647C8.64036 12.0535 8.32394 12.0433 8.13508 11.8419L4.38508 7.84188C4.20477 7.64955 4.20477 7.35027 4.38508 7.15794L8.13508 3.15794C8.32394 2.95648 8.64036 2.94628 8.84182 3.13514Z"
                  fill="currentColor"
                  fill-rule="evenodd"
                />
              </svg>
              <span>
                Previous
              </span>
            </a>
          </li>
        </li>
        <li
          class=""
        >
          <li
            class=""
          >
            <a
              class="inline-flex items-center justify-center whitespace-nowrap rounded-md text-sm font-medium ring-offset-background backdrop-blur-md backdrop-saturate-100 transition-colors focus-visible:outline-none focus-visible:ring-2 focus-visible:ring-ring focus-visible:ring-offset-2 disabled:pointer-events-none disabled:opacity-50 backdrop-filter-none hover:bg-accent hover:text-accent-foreground h-10 px-4 py-2"
              href="#"
            >
              1
            </a>
          </li>
        </li>
        <li
          class=""
        >
          <span
            aria-hidden="true"
            class="flex h-9 w-9 items-center justify-center"
          >
            <svg
              class="h-4 w-4"
              fill="none"
              height="15"
              viewBox="0 0 15 15"
              width="15"
              xmlns="http://www.w3.org/2000/svg"
            >
              <path
                clip-rule="evenodd"
                d="M3.625 7.5C3.625 8.12132 3.12132 8.625 2.5 8.625C1.87868 8.625 1.375 8.12132 1.375 7.5C1.375 6.87868 1.87868 6.375 2.5 6.375C3.12132 6.375 3.625 6.87868 3.625 7.5ZM8.625 7.5C8.625 8.12132 8.12132 8.625 7.5 8.625C6.87868 8.625 6.375 8.12132 6.375 7.5C6.375 6.87868 6.87868 6.375 7.5 6.375C8.12132 6.375 8.625 6.87868 8.625 7.5ZM12.5 8.625C13.1213 8.625 13.625 8.12132 13.625 7.5C13.625 6.87868 13.1213 6.375 12.5 6.375C11.8787 6.375 11.375 6.87868 11.375 7.5C11.375 8.12132 11.8787 8.625 12.5 8.625Z"
                fill="currentColor"
                fill-rule="evenodd"
              />
            </svg>
            <span
              class="sr-only"
            >
              More pages
            </span>
          </span>
        </li>
        <li
          class=""
        >
          <li
            class=""
          >
            <a
              aria-label="Go to next page"
              class="inline-flex items-center justify-center whitespace-nowrap rounded-md text-sm font-medium ring-offset-background backdrop-blur-md backdrop-saturate-100 transition-colors focus-visible:outline-none focus-visible:ring-2 focus-visible:ring-ring focus-visible:ring-offset-2 disabled:pointer-events-none disabled:opacity-50 backdrop-filter-none hover:bg-accent hover:text-accent-foreground h-10 px-4 py-2 gap-1 pr-2.5"
              href="#"
            >
              <span>
                Next
              </span>
              <svg
                class="h-4 w-4"
                fill="none"
                height="15"
                viewBox="0 0 15 15"
                width="15"
                xmlns="http://www.w3.org/2000/svg"
              >
                <path
                  clip-rule="evenodd"
                  d="M6.1584 3.13508C6.35985 2.94621 6.67627 2.95642 6.86514 3.15788L10.6151 7.15788C10.7954 7.3502 10.7954 7.64949 10.6151 7.84182L6.86514 11.8418C6.67627 12.0433 6.35985 12.0535 6.1584 11.8646C5.95694 11.6757 5.94673 11.3593 6.1356 11.1579L9.565 7.49985L6.1356 3.84182C5.94673 3.64036 5.95694 3.32394 6.1584 3.13508Z"
                  fill="currentColor"
                  fill-rule="evenodd"
                />
              </svg>
            </a>
          </li>
        </li>
      </ul>
    </nav>
  </div>,
  "debug": [Function],
  "findAllByAltText": [Function],
  "findAllByDisplayValue": [Function],
  "findAllByLabelText": [Function],
  "findAllByPlaceholderText": [Function],
  "findAllByRole": [Function],
  "findAllByTestId": [Function],
  "findAllByText": [Function],
  "findAllByTitle": [Function],
  "findByAltText": [Function],
  "findByDisplayValue": [Function],
  "findByLabelText": [Function],
  "findByPlaceholderText": [Function],
  "findByRole": [Function],
  "findByTestId": [Function],
  "findByText": [Function],
  "findByTitle": [Function],
  "getAllByAltText": [Function],
  "getAllByDisplayValue": [Function],
  "getAllByLabelText": [Function],
  "getAllByPlaceholderText": [Function],
  "getAllByRole": [Function],
  "getAllByTestId": [Function],
  "getAllByText": [Function],
  "getAllByTitle": [Function],
  "getByAltText": [Function],
  "getByDisplayValue": [Function],
  "getByLabelText": [Function],
  "getByPlaceholderText": [Function],
  "getByRole": [Function],
  "getByTestId": [Function],
  "getByText": [Function],
  "getByTitle": [Function],
  "queryAllByAltText": [Function],
  "queryAllByDisplayValue": [Function],
  "queryAllByLabelText": [Function],
  "queryAllByPlaceholderText": [Function],
  "queryAllByRole": [Function],
  "queryAllByTestId": [Function],
  "queryAllByText": [Function],
  "queryAllByTitle": [Function],
  "queryByAltText": [Function],
  "queryByDisplayValue": [Function],
  "queryByLabelText": [Function],
  "queryByPlaceholderText": [Function],
  "queryByRole": [Function],
  "queryByTestId": [Function],
  "queryByText": [Function],
  "queryByTitle": [Function],
  "rerender": [Function],
  "unmount": [Function],
}
`;
