// Vitest Snapshot v1, https://vitest.dev/guide/snapshot.html

exports[`Sidebar > should render Sidebar component to match snapshot 1`] = `
{
  "asFragment": [Function],
  "baseElement": <body>
    <div>
      <div
        class="group/sidebar-wrapper flex min-h-svh w-full has-[[data-variant=inset]]:bg-sidebar"
        style="--sidebar-width: 16rem; --sidebar-width-icon: 3rem;"
      >
        <div
          class="text-sidebar-foreground group peer hidden md:block"
          data-collapsible=""
          data-side="left"
          data-state="expanded"
          data-variant="sidebar"
        >
          <div
            class="duration-200 relative h-svh w-[--sidebar-width] bg-transparent transition-[width] ease-linear group-data-[collapsible=offcanvas]:w-0 group-data-[side=right]:rotate-180 group-data-[collapsible=icon]:w-[--sidebar-width-icon]"
          />
          <div
            class="duration-200 fixed inset-y-0 z-10 hidden h-svh w-[--sidebar-width] transition-[left,right,width] ease-linear md:flex left-0 group-data-[collapsible=offcanvas]:left-[calc(var(--sidebar-width)*-1)] group-data-[collapsible=icon]:w-[--sidebar-width-icon] group-data-[side=left]:border-r group-data-[side=right]:border-l"
          >
            <div
              class="bg-sidebar group-data-[variant=floating]:border-sidebar-border flex h-full w-full flex-col group-data-[variant=floating]:rounded-lg group-data-[variant=floating]:border group-data-[variant=floating]:shadow"
              data-sidebar="sidebar"
            >
              <div
                class="flex flex-col gap-2 p-2"
                data-sidebar="header"
              />
              <div
                class="flex min-h-0 flex-1 flex-col gap-2 overflow-auto group-data-[collapsible=icon]:overflow-hidden"
                data-sidebar="content"
              >
                <div
                  class="relative flex w-full min-w-0 flex-col p-2"
                  data-sidebar="group"
                >
                  <div
                    class="duration-200 flex h-8 shrink-0 items-center rounded-md px-2 text-xs font-medium text-sidebar-foreground/70 outline-none ring-sidebar-ring transition-[margin,opa] ease-linear focus-visible:ring-2 [&>svg]:size-4 [&>svg]:shrink-0 group-data-[collapsible=icon]:-mt-8 group-data-[collapsible=icon]:opacity-0"
                    data-sidebar="group-label"
                  >
                    Application
                  </div>
                  <div
                    class="w-full text-sm"
                    data-sidebar="group-content"
                  >
                    <ul
                      class="flex w-full min-w-0 flex-col gap-1"
                      data-sidebar="menu"
                    >
                      <li
                        class="group/menu-item relative"
                        data-sidebar="menu-item"
                      >
                        <a
                          class="peer/menu-button flex w-full items-center gap-2 overflow-hidden rounded-md p-2 text-left outline-none ring-sidebar-ring transition-[width,height,padding] focus-visible:ring-2 active:bg-sidebar-accent active:text-sidebar-accent-foreground disabled:pointer-events-none disabled:opacity-50 group-has-[[data-sidebar=menu-action]]/menu-item:pr-8 aria-disabled:pointer-events-none aria-disabled:opacity-50 data-[active=true]:bg-sidebar-accent data-[active=true]:font-medium data-[active=true]:text-sidebar-accent-foreground data-[state=open]:hover:bg-sidebar-accent data-[state=open]:hover:text-sidebar-accent-foreground group-data-[collapsible=icon]:!size-8 group-data-[collapsible=icon]:!p-2 [&>span:last-child]:truncate [&>svg]:size-4 [&>svg]:shrink-0 hover:bg-sidebar-accent hover:text-sidebar-accent-foreground h-8 text-sm"
                          data-active="false"
                          data-sidebar="menu-button"
                          data-size="default"
                          href="#"
                        >
                          <svg
                            class="lucide lucide-house"
                            fill="none"
                            height="24"
                            stroke="currentColor"
                            stroke-linecap="round"
                            stroke-linejoin="round"
                            stroke-width="2"
                            viewBox="0 0 24 24"
                            width="24"
                            xmlns="http://www.w3.org/2000/svg"
                          >
                            <path
                              d="M15 21v-8a1 1 0 0 0-1-1h-4a1 1 0 0 0-1 1v8"
                            />
                            <path
                              d="M3 10a2 2 0 0 1 .709-1.528l7-5.999a2 2 0 0 1 2.582 0l7 5.999A2 2 0 0 1 21 10v9a2 2 0 0 1-2 2H5a2 2 0 0 1-2-2z"
                            />
                          </svg>
                          <span>
                            Home
                          </span>
                        </a>
                      </li>
                      <li
                        class="group/menu-item relative"
                        data-sidebar="menu-item"
                      >
                        <a
                          class="peer/menu-button flex w-full items-center gap-2 overflow-hidden rounded-md p-2 text-left outline-none ring-sidebar-ring transition-[width,height,padding] focus-visible:ring-2 active:bg-sidebar-accent active:text-sidebar-accent-foreground disabled:pointer-events-none disabled:opacity-50 group-has-[[data-sidebar=menu-action]]/menu-item:pr-8 aria-disabled:pointer-events-none aria-disabled:opacity-50 data-[active=true]:bg-sidebar-accent data-[active=true]:font-medium data-[active=true]:text-sidebar-accent-foreground data-[state=open]:hover:bg-sidebar-accent data-[state=open]:hover:text-sidebar-accent-foreground group-data-[collapsible=icon]:!size-8 group-data-[collapsible=icon]:!p-2 [&>span:last-child]:truncate [&>svg]:size-4 [&>svg]:shrink-0 hover:bg-sidebar-accent hover:text-sidebar-accent-foreground h-8 text-sm"
                          data-active="false"
                          data-sidebar="menu-button"
                          data-size="default"
                          href="#"
                        >
                          <svg
                            class="lucide lucide-inbox"
                            fill="none"
                            height="24"
                            stroke="currentColor"
                            stroke-linecap="round"
                            stroke-linejoin="round"
                            stroke-width="2"
                            viewBox="0 0 24 24"
                            width="24"
                            xmlns="http://www.w3.org/2000/svg"
                          >
                            <polyline
                              points="22 12 16 12 14 15 10 15 8 12 2 12"
                            />
                            <path
                              d="M5.45 5.11 2 12v6a2 2 0 0 0 2 2h16a2 2 0 0 0 2-2v-6l-3.45-6.89A2 2 0 0 0 16.76 4H7.24a2 2 0 0 0-1.79 1.11z"
                            />
                          </svg>
                          <span>
                            Inbox
                          </span>
                        </a>
                      </li>
                      <li
                        class="group/menu-item relative"
                        data-sidebar="menu-item"
                      >
                        <a
                          class="peer/menu-button flex w-full items-center gap-2 overflow-hidden rounded-md p-2 text-left outline-none ring-sidebar-ring transition-[width,height,padding] focus-visible:ring-2 active:bg-sidebar-accent active:text-sidebar-accent-foreground disabled:pointer-events-none disabled:opacity-50 group-has-[[data-sidebar=menu-action]]/menu-item:pr-8 aria-disabled:pointer-events-none aria-disabled:opacity-50 data-[active=true]:bg-sidebar-accent data-[active=true]:font-medium data-[active=true]:text-sidebar-accent-foreground data-[state=open]:hover:bg-sidebar-accent data-[state=open]:hover:text-sidebar-accent-foreground group-data-[collapsible=icon]:!size-8 group-data-[collapsible=icon]:!p-2 [&>span:last-child]:truncate [&>svg]:size-4 [&>svg]:shrink-0 hover:bg-sidebar-accent hover:text-sidebar-accent-foreground h-8 text-sm"
                          data-active="false"
                          data-sidebar="menu-button"
                          data-size="default"
                          href="#"
                        >
                          <svg
                            class="lucide lucide-search"
                            fill="none"
                            height="24"
                            stroke="currentColor"
                            stroke-linecap="round"
                            stroke-linejoin="round"
                            stroke-width="2"
                            viewBox="0 0 24 24"
                            width="24"
                            xmlns="http://www.w3.org/2000/svg"
                          >
                            <circle
                              cx="11"
                              cy="11"
                              r="8"
                            />
                            <path
                              d="m21 21-4.3-4.3"
                            />
                          </svg>
                          <span>
                            Calendar
                          </span>
                        </a>
                      </li>
                      <li
                        class="group/menu-item relative"
                        data-sidebar="menu-item"
                      >
                        <a
                          class="peer/menu-button flex w-full items-center gap-2 overflow-hidden rounded-md p-2 text-left outline-none ring-sidebar-ring transition-[width,height,padding] focus-visible:ring-2 active:bg-sidebar-accent active:text-sidebar-accent-foreground disabled:pointer-events-none disabled:opacity-50 group-has-[[data-sidebar=menu-action]]/menu-item:pr-8 aria-disabled:pointer-events-none aria-disabled:opacity-50 data-[active=true]:bg-sidebar-accent data-[active=true]:font-medium data-[active=true]:text-sidebar-accent-foreground data-[state=open]:hover:bg-sidebar-accent data-[state=open]:hover:text-sidebar-accent-foreground group-data-[collapsible=icon]:!size-8 group-data-[collapsible=icon]:!p-2 [&>span:last-child]:truncate [&>svg]:size-4 [&>svg]:shrink-0 hover:bg-sidebar-accent hover:text-sidebar-accent-foreground h-8 text-sm"
                          data-active="false"
                          data-sidebar="menu-button"
                          data-size="default"
                          href="#"
                        >
                          <svg
                            class="lucide lucide-settings"
                            fill="none"
                            height="24"
                            stroke="currentColor"
                            stroke-linecap="round"
                            stroke-linejoin="round"
                            stroke-width="2"
                            viewBox="0 0 24 24"
                            width="24"
                            xmlns="http://www.w3.org/2000/svg"
                          >
                            <path
                              d="M12.22 2h-.44a2 2 0 0 0-2 2v.18a2 2 0 0 1-1 1.73l-.43.25a2 2 0 0 1-2 0l-.15-.08a2 2 0 0 0-2.73.73l-.22.38a2 2 0 0 0 .73 2.73l.15.1a2 2 0 0 1 1 1.72v.51a2 2 0 0 1-1 1.74l-.15.09a2 2 0 0 0-.73 2.73l.22.38a2 2 0 0 0 2.73.73l.15-.08a2 2 0 0 1 2 0l.43.25a2 2 0 0 1 1 1.73V20a2 2 0 0 0 2 2h.44a2 2 0 0 0 2-2v-.18a2 2 0 0 1 1-1.73l.43-.25a2 2 0 0 1 2 0l.15.08a2 2 0 0 0 2.73-.73l.22-.39a2 2 0 0 0-.73-2.73l-.15-.08a2 2 0 0 1-1-1.74v-.5a2 2 0 0 1 1-1.74l.15-.09a2 2 0 0 0 .73-2.73l-.22-.38a2 2 0 0 0-2.73-.73l-.15.08a2 2 0 0 1-2 0l-.43-.25a2 2 0 0 1-1-1.73V4a2 2 0 0 0-2-2z"
                            />
                            <circle
                              cx="12"
                              cy="12"
                              r="3"
                            />
                          </svg>
                          <span>
                            Settings
                          </span>
                        </a>
                      </li>
                    </ul>
                  </div>
                </div>
                <div
                  class="relative flex w-full min-w-0 flex-col p-2"
                  data-sidebar="group"
                />
              </div>
              <div
                class="flex flex-col gap-2 p-2"
                data-sidebar="footer"
              />
            </div>
          </div>
        </div>
      </div>
    </div>
  </body>,
  "container": <div>
    <div
      class="group/sidebar-wrapper flex min-h-svh w-full has-[[data-variant=inset]]:bg-sidebar"
      style="--sidebar-width: 16rem; --sidebar-width-icon: 3rem;"
    >
      <div
        class="text-sidebar-foreground group peer hidden md:block"
        data-collapsible=""
        data-side="left"
        data-state="expanded"
        data-variant="sidebar"
      >
        <div
          class="duration-200 relative h-svh w-[--sidebar-width] bg-transparent transition-[width] ease-linear group-data-[collapsible=offcanvas]:w-0 group-data-[side=right]:rotate-180 group-data-[collapsible=icon]:w-[--sidebar-width-icon]"
        />
        <div
          class="duration-200 fixed inset-y-0 z-10 hidden h-svh w-[--sidebar-width] transition-[left,right,width] ease-linear md:flex left-0 group-data-[collapsible=offcanvas]:left-[calc(var(--sidebar-width)*-1)] group-data-[collapsible=icon]:w-[--sidebar-width-icon] group-data-[side=left]:border-r group-data-[side=right]:border-l"
        >
          <div
            class="bg-sidebar group-data-[variant=floating]:border-sidebar-border flex h-full w-full flex-col group-data-[variant=floating]:rounded-lg group-data-[variant=floating]:border group-data-[variant=floating]:shadow"
            data-sidebar="sidebar"
          >
            <div
              class="flex flex-col gap-2 p-2"
              data-sidebar="header"
            />
            <div
              class="flex min-h-0 flex-1 flex-col gap-2 overflow-auto group-data-[collapsible=icon]:overflow-hidden"
              data-sidebar="content"
            >
              <div
                class="relative flex w-full min-w-0 flex-col p-2"
                data-sidebar="group"
              >
                <div
                  class="duration-200 flex h-8 shrink-0 items-center rounded-md px-2 text-xs font-medium text-sidebar-foreground/70 outline-none ring-sidebar-ring transition-[margin,opa] ease-linear focus-visible:ring-2 [&>svg]:size-4 [&>svg]:shrink-0 group-data-[collapsible=icon]:-mt-8 group-data-[collapsible=icon]:opacity-0"
                  data-sidebar="group-label"
                >
                  Application
                </div>
                <div
                  class="w-full text-sm"
                  data-sidebar="group-content"
                >
                  <ul
                    class="flex w-full min-w-0 flex-col gap-1"
                    data-sidebar="menu"
                  >
                    <li
                      class="group/menu-item relative"
                      data-sidebar="menu-item"
                    >
                      <a
                        class="peer/menu-button flex w-full items-center gap-2 overflow-hidden rounded-md p-2 text-left outline-none ring-sidebar-ring transition-[width,height,padding] focus-visible:ring-2 active:bg-sidebar-accent active:text-sidebar-accent-foreground disabled:pointer-events-none disabled:opacity-50 group-has-[[data-sidebar=menu-action]]/menu-item:pr-8 aria-disabled:pointer-events-none aria-disabled:opacity-50 data-[active=true]:bg-sidebar-accent data-[active=true]:font-medium data-[active=true]:text-sidebar-accent-foreground data-[state=open]:hover:bg-sidebar-accent data-[state=open]:hover:text-sidebar-accent-foreground group-data-[collapsible=icon]:!size-8 group-data-[collapsible=icon]:!p-2 [&>span:last-child]:truncate [&>svg]:size-4 [&>svg]:shrink-0 hover:bg-sidebar-accent hover:text-sidebar-accent-foreground h-8 text-sm"
                        data-active="false"
                        data-sidebar="menu-button"
                        data-size="default"
                        href="#"
                      >
                        <svg
                          class="lucide lucide-house"
                          fill="none"
                          height="24"
                          stroke="currentColor"
                          stroke-linecap="round"
                          stroke-linejoin="round"
                          stroke-width="2"
                          viewBox="0 0 24 24"
                          width="24"
                          xmlns="http://www.w3.org/2000/svg"
                        >
                          <path
                            d="M15 21v-8a1 1 0 0 0-1-1h-4a1 1 0 0 0-1 1v8"
                          />
                          <path
                            d="M3 10a2 2 0 0 1 .709-1.528l7-5.999a2 2 0 0 1 2.582 0l7 5.999A2 2 0 0 1 21 10v9a2 2 0 0 1-2 2H5a2 2 0 0 1-2-2z"
                          />
                        </svg>
                        <span>
                          Home
                        </span>
                      </a>
                    </li>
                    <li
                      class="group/menu-item relative"
                      data-sidebar="menu-item"
                    >
                      <a
                        class="peer/menu-button flex w-full items-center gap-2 overflow-hidden rounded-md p-2 text-left outline-none ring-sidebar-ring transition-[width,height,padding] focus-visible:ring-2 active:bg-sidebar-accent active:text-sidebar-accent-foreground disabled:pointer-events-none disabled:opacity-50 group-has-[[data-sidebar=menu-action]]/menu-item:pr-8 aria-disabled:pointer-events-none aria-disabled:opacity-50 data-[active=true]:bg-sidebar-accent data-[active=true]:font-medium data-[active=true]:text-sidebar-accent-foreground data-[state=open]:hover:bg-sidebar-accent data-[state=open]:hover:text-sidebar-accent-foreground group-data-[collapsible=icon]:!size-8 group-data-[collapsible=icon]:!p-2 [&>span:last-child]:truncate [&>svg]:size-4 [&>svg]:shrink-0 hover:bg-sidebar-accent hover:text-sidebar-accent-foreground h-8 text-sm"
                        data-active="false"
                        data-sidebar="menu-button"
                        data-size="default"
                        href="#"
                      >
                        <svg
                          class="lucide lucide-inbox"
                          fill="none"
                          height="24"
                          stroke="currentColor"
                          stroke-linecap="round"
                          stroke-linejoin="round"
                          stroke-width="2"
                          viewBox="0 0 24 24"
                          width="24"
                          xmlns="http://www.w3.org/2000/svg"
                        >
                          <polyline
                            points="22 12 16 12 14 15 10 15 8 12 2 12"
                          />
                          <path
                            d="M5.45 5.11 2 12v6a2 2 0 0 0 2 2h16a2 2 0 0 0 2-2v-6l-3.45-6.89A2 2 0 0 0 16.76 4H7.24a2 2 0 0 0-1.79 1.11z"
                          />
                        </svg>
                        <span>
                          Inbox
                        </span>
                      </a>
                    </li>
                    <li
                      class="group/menu-item relative"
                      data-sidebar="menu-item"
                    >
                      <a
                        class="peer/menu-button flex w-full items-center gap-2 overflow-hidden rounded-md p-2 text-left outline-none ring-sidebar-ring transition-[width,height,padding] focus-visible:ring-2 active:bg-sidebar-accent active:text-sidebar-accent-foreground disabled:pointer-events-none disabled:opacity-50 group-has-[[data-sidebar=menu-action]]/menu-item:pr-8 aria-disabled:pointer-events-none aria-disabled:opacity-50 data-[active=true]:bg-sidebar-accent data-[active=true]:font-medium data-[active=true]:text-sidebar-accent-foreground data-[state=open]:hover:bg-sidebar-accent data-[state=open]:hover:text-sidebar-accent-foreground group-data-[collapsible=icon]:!size-8 group-data-[collapsible=icon]:!p-2 [&>span:last-child]:truncate [&>svg]:size-4 [&>svg]:shrink-0 hover:bg-sidebar-accent hover:text-sidebar-accent-foreground h-8 text-sm"
                        data-active="false"
                        data-sidebar="menu-button"
                        data-size="default"
                        href="#"
                      >
                        <svg
                          class="lucide lucide-search"
                          fill="none"
                          height="24"
                          stroke="currentColor"
                          stroke-linecap="round"
                          stroke-linejoin="round"
                          stroke-width="2"
                          viewBox="0 0 24 24"
                          width="24"
                          xmlns="http://www.w3.org/2000/svg"
                        >
                          <circle
                            cx="11"
                            cy="11"
                            r="8"
                          />
                          <path
                            d="m21 21-4.3-4.3"
                          />
                        </svg>
                        <span>
                          Calendar
                        </span>
                      </a>
                    </li>
                    <li
                      class="group/menu-item relative"
                      data-sidebar="menu-item"
                    >
                      <a
                        class="peer/menu-button flex w-full items-center gap-2 overflow-hidden rounded-md p-2 text-left outline-none ring-sidebar-ring transition-[width,height,padding] focus-visible:ring-2 active:bg-sidebar-accent active:text-sidebar-accent-foreground disabled:pointer-events-none disabled:opacity-50 group-has-[[data-sidebar=menu-action]]/menu-item:pr-8 aria-disabled:pointer-events-none aria-disabled:opacity-50 data-[active=true]:bg-sidebar-accent data-[active=true]:font-medium data-[active=true]:text-sidebar-accent-foreground data-[state=open]:hover:bg-sidebar-accent data-[state=open]:hover:text-sidebar-accent-foreground group-data-[collapsible=icon]:!size-8 group-data-[collapsible=icon]:!p-2 [&>span:last-child]:truncate [&>svg]:size-4 [&>svg]:shrink-0 hover:bg-sidebar-accent hover:text-sidebar-accent-foreground h-8 text-sm"
                        data-active="false"
                        data-sidebar="menu-button"
                        data-size="default"
                        href="#"
                      >
                        <svg
                          class="lucide lucide-settings"
                          fill="none"
                          height="24"
                          stroke="currentColor"
                          stroke-linecap="round"
                          stroke-linejoin="round"
                          stroke-width="2"
                          viewBox="0 0 24 24"
                          width="24"
                          xmlns="http://www.w3.org/2000/svg"
                        >
                          <path
                            d="M12.22 2h-.44a2 2 0 0 0-2 2v.18a2 2 0 0 1-1 1.73l-.43.25a2 2 0 0 1-2 0l-.15-.08a2 2 0 0 0-2.73.73l-.22.38a2 2 0 0 0 .73 2.73l.15.1a2 2 0 0 1 1 1.72v.51a2 2 0 0 1-1 1.74l-.15.09a2 2 0 0 0-.73 2.73l.22.38a2 2 0 0 0 2.73.73l.15-.08a2 2 0 0 1 2 0l.43.25a2 2 0 0 1 1 1.73V20a2 2 0 0 0 2 2h.44a2 2 0 0 0 2-2v-.18a2 2 0 0 1 1-1.73l.43-.25a2 2 0 0 1 2 0l.15.08a2 2 0 0 0 2.73-.73l.22-.39a2 2 0 0 0-.73-2.73l-.15-.08a2 2 0 0 1-1-1.74v-.5a2 2 0 0 1 1-1.74l.15-.09a2 2 0 0 0 .73-2.73l-.22-.38a2 2 0 0 0-2.73-.73l-.15.08a2 2 0 0 1-2 0l-.43-.25a2 2 0 0 1-1-1.73V4a2 2 0 0 0-2-2z"
                          />
                          <circle
                            cx="12"
                            cy="12"
                            r="3"
                          />
                        </svg>
                        <span>
                          Settings
                        </span>
                      </a>
                    </li>
                  </ul>
                </div>
              </div>
              <div
                class="relative flex w-full min-w-0 flex-col p-2"
                data-sidebar="group"
              />
            </div>
            <div
              class="flex flex-col gap-2 p-2"
              data-sidebar="footer"
            />
          </div>
        </div>
      </div>
    </div>
  </div>,
  "debug": [Function],
  "findAllByAltText": [Function],
  "findAllByDisplayValue": [Function],
  "findAllByLabelText": [Function],
  "findAllByPlaceholderText": [Function],
  "findAllByRole": [Function],
  "findAllByTestId": [Function],
  "findAllByText": [Function],
  "findAllByTitle": [Function],
  "findByAltText": [Function],
  "findByDisplayValue": [Function],
  "findByLabelText": [Function],
  "findByPlaceholderText": [Function],
  "findByRole": [Function],
  "findByTestId": [Function],
  "findByText": [Function],
  "findByTitle": [Function],
  "getAllByAltText": [Function],
  "getAllByDisplayValue": [Function],
  "getAllByLabelText": [Function],
  "getAllByPlaceholderText": [Function],
  "getAllByRole": [Function],
  "getAllByTestId": [Function],
  "getAllByText": [Function],
  "getAllByTitle": [Function],
  "getByAltText": [Function],
  "getByDisplayValue": [Function],
  "getByLabelText": [Function],
  "getByPlaceholderText": [Function],
  "getByRole": [Function],
  "getByTestId": [Function],
  "getByText": [Function],
  "getByTitle": [Function],
  "queryAllByAltText": [Function],
  "queryAllByDisplayValue": [Function],
  "queryAllByLabelText": [Function],
  "queryAllByPlaceholderText": [Function],
  "queryAllByRole": [Function],
  "queryAllByTestId": [Function],
  "queryAllByText": [Function],
  "queryAllByTitle": [Function],
  "queryByAltText": [Function],
  "queryByDisplayValue": [Function],
  "queryByLabelText": [Function],
  "queryByPlaceholderText": [Function],
  "queryByRole": [Function],
  "queryByTestId": [Function],
  "queryByText": [Function],
  "queryByTitle": [Function],
  "rerender": [Function],
  "unmount": [Function],
}
`;
