// Vitest Snapshot v1, https://vitest.dev/guide/snapshot.html

exports[`RadioGroup > should render RadioGroup component to match snapshot 1`] = `
{
  "asFragment": [Function],
  "baseElement": <body>
    <div>
      <div
        aria-required="false"
        class="grid gap-2"
        dir="ltr"
        role="radiogroup"
        style="outline: none;"
        tabindex="0"
      >
        <div
          class="flex items-center space-x-2"
        >
          <button
            aria-checked="false"
            class="aspect-square h-4 w-4 rounded-full border border-primary text-primary shadow focus:outline-none focus-visible:ring-1 focus-visible:ring-ring disabled:cursor-not-allowed disabled:opacity-50"
            data-radix-collection-item=""
            data-state="unchecked"
            id="r1"
            role="radio"
            tabindex="-1"
            type="button"
            value="default"
          />
          <label
            class="text-sm font-medium leading-none peer-disabled:cursor-not-allowed peer-disabled:opacity-70"
            for="r1"
          >
            Default
          </label>
        </div>
        <div
          class="flex items-center space-x-2"
        >
          <button
            aria-checked="true"
            class="aspect-square h-4 w-4 rounded-full border border-primary text-primary shadow focus:outline-none focus-visible:ring-1 focus-visible:ring-ring disabled:cursor-not-allowed disabled:opacity-50"
            data-radix-collection-item=""
            data-state="checked"
            id="r2"
            role="radio"
            tabindex="-1"
            type="button"
            value="comfortable"
          >
            <span
              class="flex items-center justify-center"
              data-state="checked"
            >
              <svg
                class="h-3.5 w-3.5 fill-primary"
                fill="none"
                height="15"
                viewBox="0 0 15 15"
                width="15"
                xmlns="http://www.w3.org/2000/svg"
              >
                <path
                  clip-rule="evenodd"
                  d="M11.4669 3.72684C11.7558 3.91574 11.8369 4.30308 11.648 4.59198L7.39799 11.092C7.29783 11.2452 7.13556 11.3467 6.95402 11.3699C6.77247 11.3931 6.58989 11.3355 6.45446 11.2124L3.70446 8.71241C3.44905 8.48022 3.43023 8.08494 3.66242 7.82953C3.89461 7.57412 4.28989 7.55529 4.5453 7.78749L6.75292 9.79441L10.6018 3.90792C10.7907 3.61902 11.178 3.53795 11.4669 3.72684Z"
                  fill="currentColor"
                  fill-rule="evenodd"
                />
              </svg>
            </span>
          </button>
          <label
            class="text-sm font-medium leading-none peer-disabled:cursor-not-allowed peer-disabled:opacity-70"
            for="r2"
          >
            Comfortable
          </label>
        </div>
        <div
          class="flex items-center space-x-2"
        >
          <button
            aria-checked="false"
            class="aspect-square h-4 w-4 rounded-full border border-primary text-primary shadow focus:outline-none focus-visible:ring-1 focus-visible:ring-ring disabled:cursor-not-allowed disabled:opacity-50"
            data-radix-collection-item=""
            data-state="unchecked"
            id="r3"
            role="radio"
            tabindex="-1"
            type="button"
            value="compact"
          />
          <label
            class="text-sm font-medium leading-none peer-disabled:cursor-not-allowed peer-disabled:opacity-70"
            for="r3"
          >
            Compact
          </label>
        </div>
      </div>
    </div>
  </body>,
  "container": <div>
    <div
      aria-required="false"
      class="grid gap-2"
      dir="ltr"
      role="radiogroup"
      style="outline: none;"
      tabindex="0"
    >
      <div
        class="flex items-center space-x-2"
      >
        <button
          aria-checked="false"
          class="aspect-square h-4 w-4 rounded-full border border-primary text-primary shadow focus:outline-none focus-visible:ring-1 focus-visible:ring-ring disabled:cursor-not-allowed disabled:opacity-50"
          data-radix-collection-item=""
          data-state="unchecked"
          id="r1"
          role="radio"
          tabindex="-1"
          type="button"
          value="default"
        />
        <label
          class="text-sm font-medium leading-none peer-disabled:cursor-not-allowed peer-disabled:opacity-70"
          for="r1"
        >
          Default
        </label>
      </div>
      <div
        class="flex items-center space-x-2"
      >
        <button
          aria-checked="true"
          class="aspect-square h-4 w-4 rounded-full border border-primary text-primary shadow focus:outline-none focus-visible:ring-1 focus-visible:ring-ring disabled:cursor-not-allowed disabled:opacity-50"
          data-radix-collection-item=""
          data-state="checked"
          id="r2"
          role="radio"
          tabindex="-1"
          type="button"
          value="comfortable"
        >
          <span
            class="flex items-center justify-center"
            data-state="checked"
          >
            <svg
              class="h-3.5 w-3.5 fill-primary"
              fill="none"
              height="15"
              viewBox="0 0 15 15"
              width="15"
              xmlns="http://www.w3.org/2000/svg"
            >
              <path
                clip-rule="evenodd"
                d="M11.4669 3.72684C11.7558 3.91574 11.8369 4.30308 11.648 4.59198L7.39799 11.092C7.29783 11.2452 7.13556 11.3467 6.95402 11.3699C6.77247 11.3931 6.58989 11.3355 6.45446 11.2124L3.70446 8.71241C3.44905 8.48022 3.43023 8.08494 3.66242 7.82953C3.89461 7.57412 4.28989 7.55529 4.5453 7.78749L6.75292 9.79441L10.6018 3.90792C10.7907 3.61902 11.178 3.53795 11.4669 3.72684Z"
                fill="currentColor"
                fill-rule="evenodd"
              />
            </svg>
          </span>
        </button>
        <label
          class="text-sm font-medium leading-none peer-disabled:cursor-not-allowed peer-disabled:opacity-70"
          for="r2"
        >
          Comfortable
        </label>
      </div>
      <div
        class="flex items-center space-x-2"
      >
        <button
          aria-checked="false"
          class="aspect-square h-4 w-4 rounded-full border border-primary text-primary shadow focus:outline-none focus-visible:ring-1 focus-visible:ring-ring disabled:cursor-not-allowed disabled:opacity-50"
          data-radix-collection-item=""
          data-state="unchecked"
          id="r3"
          role="radio"
          tabindex="-1"
          type="button"
          value="compact"
        />
        <label
          class="text-sm font-medium leading-none peer-disabled:cursor-not-allowed peer-disabled:opacity-70"
          for="r3"
        >
          Compact
        </label>
      </div>
    </div>
  </div>,
  "debug": [Function],
  "findAllByAltText": [Function],
  "findAllByDisplayValue": [Function],
  "findAllByLabelText": [Function],
  "findAllByPlaceholderText": [Function],
  "findAllByRole": [Function],
  "findAllByTestId": [Function],
  "findAllByText": [Function],
  "findAllByTitle": [Function],
  "findByAltText": [Function],
  "findByDisplayValue": [Function],
  "findByLabelText": [Function],
  "findByPlaceholderText": [Function],
  "findByRole": [Function],
  "findByTestId": [Function],
  "findByText": [Function],
  "findByTitle": [Function],
  "getAllByAltText": [Function],
  "getAllByDisplayValue": [Function],
  "getAllByLabelText": [Function],
  "getAllByPlaceholderText": [Function],
  "getAllByRole": [Function],
  "getAllByTestId": [Function],
  "getAllByText": [Function],
  "getAllByTitle": [Function],
  "getByAltText": [Function],
  "getByDisplayValue": [Function],
  "getByLabelText": [Function],
  "getByPlaceholderText": [Function],
  "getByRole": [Function],
  "getByTestId": [Function],
  "getByText": [Function],
  "getByTitle": [Function],
  "queryAllByAltText": [Function],
  "queryAllByDisplayValue": [Function],
  "queryAllByLabelText": [Function],
  "queryAllByPlaceholderText": [Function],
  "queryAllByRole": [Function],
  "queryAllByTestId": [Function],
  "queryAllByText": [Function],
  "queryAllByTitle": [Function],
  "queryByAltText": [Function],
  "queryByDisplayValue": [Function],
  "queryByLabelText": [Function],
  "queryByPlaceholderText": [Function],
  "queryByRole": [Function],
  "queryByTestId": [Function],
  "queryByText": [Function],
  "queryByTitle": [Function],
  "rerender": [Function],
  "unmount": [Function],
}
`;
