// Vitest Snapshot v1, https://vitest.dev/guide/snapshot.html

exports[`Table > should render Table component to match snapshot 1`] = `
{
  "asFragment": [Function],
  "baseElement": <body>
    <div>
      <div
        class="relative w-full overflow-auto"
      >
        <table
          class="w-full caption-bottom text-sm"
        >
          <caption
            class="mt-4 text-sm text-muted-foreground"
          >
            A list of your recent invoices.
          </caption>
          <thead
            class="[&_tr]:border-b"
          >
            <tr
              class="border-b transition-colors hover:bg-muted/50 data-[state=selected]:bg-muted"
            >
              <th
                class="h-10 px-2 text-left align-middle font-medium text-muted-foreground [&:has([role=checkbox])]:pr-0 [&>[role=checkbox]]:translate-y-[2px] w-[100px]"
              >
                Invoice
              </th>
              <th
                class="h-10 px-2 text-left align-middle font-medium text-muted-foreground [&:has([role=checkbox])]:pr-0 [&>[role=checkbox]]:translate-y-[2px]"
              >
                Status
              </th>
              <th
                class="h-10 px-2 text-left align-middle font-medium text-muted-foreground [&:has([role=checkbox])]:pr-0 [&>[role=checkbox]]:translate-y-[2px]"
              >
                Method
              </th>
              <th
                class="h-10 px-2 align-middle font-medium text-muted-foreground [&:has([role=checkbox])]:pr-0 [&>[role=checkbox]]:translate-y-[2px] text-right"
              >
                Amount
              </th>
            </tr>
          </thead>
          <tbody
            class="[&_tr:last-child]:border-0"
          >
            <tr
              class="border-b transition-colors hover:bg-muted/50 data-[state=selected]:bg-muted"
            >
              <td
                class="p-2 align-middle [&:has([role=checkbox])]:pr-0 [&>[role=checkbox]]:translate-y-[2px] font-medium"
              >
                INV001
              </td>
              <td
                class="p-2 align-middle [&:has([role=checkbox])]:pr-0 [&>[role=checkbox]]:translate-y-[2px]"
              >
                Paid
              </td>
              <td
                class="p-2 align-middle [&:has([role=checkbox])]:pr-0 [&>[role=checkbox]]:translate-y-[2px]"
              >
                Credit Card
              </td>
              <td
                class="p-2 align-middle [&:has([role=checkbox])]:pr-0 [&>[role=checkbox]]:translate-y-[2px] text-right"
              >
                $250.00
              </td>
            </tr>
            <tr
              class="border-b transition-colors hover:bg-muted/50 data-[state=selected]:bg-muted"
            >
              <td
                class="p-2 align-middle [&:has([role=checkbox])]:pr-0 [&>[role=checkbox]]:translate-y-[2px] font-medium"
              >
                INV002
              </td>
              <td
                class="p-2 align-middle [&:has([role=checkbox])]:pr-0 [&>[role=checkbox]]:translate-y-[2px]"
              >
                Pending
              </td>
              <td
                class="p-2 align-middle [&:has([role=checkbox])]:pr-0 [&>[role=checkbox]]:translate-y-[2px]"
              >
                PayPal
              </td>
              <td
                class="p-2 align-middle [&:has([role=checkbox])]:pr-0 [&>[role=checkbox]]:translate-y-[2px] text-right"
              >
                $150.00
              </td>
            </tr>
            <tr
              class="border-b transition-colors hover:bg-muted/50 data-[state=selected]:bg-muted"
            >
              <td
                class="p-2 align-middle [&:has([role=checkbox])]:pr-0 [&>[role=checkbox]]:translate-y-[2px] font-medium"
              >
                INV003
              </td>
              <td
                class="p-2 align-middle [&:has([role=checkbox])]:pr-0 [&>[role=checkbox]]:translate-y-[2px]"
              >
                Unpaid
              </td>
              <td
                class="p-2 align-middle [&:has([role=checkbox])]:pr-0 [&>[role=checkbox]]:translate-y-[2px]"
              >
                Bank Transfer
              </td>
              <td
                class="p-2 align-middle [&:has([role=checkbox])]:pr-0 [&>[role=checkbox]]:translate-y-[2px] text-right"
              >
                $350.00
              </td>
            </tr>
            <tr
              class="border-b transition-colors hover:bg-muted/50 data-[state=selected]:bg-muted"
            >
              <td
                class="p-2 align-middle [&:has([role=checkbox])]:pr-0 [&>[role=checkbox]]:translate-y-[2px] font-medium"
              >
                INV004
              </td>
              <td
                class="p-2 align-middle [&:has([role=checkbox])]:pr-0 [&>[role=checkbox]]:translate-y-[2px]"
              >
                Paid
              </td>
              <td
                class="p-2 align-middle [&:has([role=checkbox])]:pr-0 [&>[role=checkbox]]:translate-y-[2px]"
              >
                Credit Card
              </td>
              <td
                class="p-2 align-middle [&:has([role=checkbox])]:pr-0 [&>[role=checkbox]]:translate-y-[2px] text-right"
              >
                $450.00
              </td>
            </tr>
            <tr
              class="border-b transition-colors hover:bg-muted/50 data-[state=selected]:bg-muted"
            >
              <td
                class="p-2 align-middle [&:has([role=checkbox])]:pr-0 [&>[role=checkbox]]:translate-y-[2px] font-medium"
              >
                INV005
              </td>
              <td
                class="p-2 align-middle [&:has([role=checkbox])]:pr-0 [&>[role=checkbox]]:translate-y-[2px]"
              >
                Paid
              </td>
              <td
                class="p-2 align-middle [&:has([role=checkbox])]:pr-0 [&>[role=checkbox]]:translate-y-[2px]"
              >
                PayPal
              </td>
              <td
                class="p-2 align-middle [&:has([role=checkbox])]:pr-0 [&>[role=checkbox]]:translate-y-[2px] text-right"
              >
                $550.00
              </td>
            </tr>
            <tr
              class="border-b transition-colors hover:bg-muted/50 data-[state=selected]:bg-muted"
            >
              <td
                class="p-2 align-middle [&:has([role=checkbox])]:pr-0 [&>[role=checkbox]]:translate-y-[2px] font-medium"
              >
                INV006
              </td>
              <td
                class="p-2 align-middle [&:has([role=checkbox])]:pr-0 [&>[role=checkbox]]:translate-y-[2px]"
              >
                Pending
              </td>
              <td
                class="p-2 align-middle [&:has([role=checkbox])]:pr-0 [&>[role=checkbox]]:translate-y-[2px]"
              >
                Bank Transfer
              </td>
              <td
                class="p-2 align-middle [&:has([role=checkbox])]:pr-0 [&>[role=checkbox]]:translate-y-[2px] text-right"
              >
                $200.00
              </td>
            </tr>
            <tr
              class="border-b transition-colors hover:bg-muted/50 data-[state=selected]:bg-muted"
            >
              <td
                class="p-2 align-middle [&:has([role=checkbox])]:pr-0 [&>[role=checkbox]]:translate-y-[2px] font-medium"
              >
                INV007
              </td>
              <td
                class="p-2 align-middle [&:has([role=checkbox])]:pr-0 [&>[role=checkbox]]:translate-y-[2px]"
              >
                Unpaid
              </td>
              <td
                class="p-2 align-middle [&:has([role=checkbox])]:pr-0 [&>[role=checkbox]]:translate-y-[2px]"
              >
                Credit Card
              </td>
              <td
                class="p-2 align-middle [&:has([role=checkbox])]:pr-0 [&>[role=checkbox]]:translate-y-[2px] text-right"
              >
                $300.00
              </td>
            </tr>
          </tbody>
          <tfoot
            class="border-t bg-muted/50 font-medium [&>tr]:last:border-b-0"
          >
            <tr
              class="border-b transition-colors hover:bg-muted/50 data-[state=selected]:bg-muted"
            >
              <td
                class="p-2 align-middle [&:has([role=checkbox])]:pr-0 [&>[role=checkbox]]:translate-y-[2px]"
                colspan="3"
              >
                Total
              </td>
              <td
                class="p-2 align-middle [&:has([role=checkbox])]:pr-0 [&>[role=checkbox]]:translate-y-[2px] text-right"
              >
                $2,500.00
              </td>
            </tr>
          </tfoot>
        </table>
      </div>
    </div>
  </body>,
  "container": <div>
    <div
      class="relative w-full overflow-auto"
    >
      <table
        class="w-full caption-bottom text-sm"
      >
        <caption
          class="mt-4 text-sm text-muted-foreground"
        >
          A list of your recent invoices.
        </caption>
        <thead
          class="[&_tr]:border-b"
        >
          <tr
            class="border-b transition-colors hover:bg-muted/50 data-[state=selected]:bg-muted"
          >
            <th
              class="h-10 px-2 text-left align-middle font-medium text-muted-foreground [&:has([role=checkbox])]:pr-0 [&>[role=checkbox]]:translate-y-[2px] w-[100px]"
            >
              Invoice
            </th>
            <th
              class="h-10 px-2 text-left align-middle font-medium text-muted-foreground [&:has([role=checkbox])]:pr-0 [&>[role=checkbox]]:translate-y-[2px]"
            >
              Status
            </th>
            <th
              class="h-10 px-2 text-left align-middle font-medium text-muted-foreground [&:has([role=checkbox])]:pr-0 [&>[role=checkbox]]:translate-y-[2px]"
            >
              Method
            </th>
            <th
              class="h-10 px-2 align-middle font-medium text-muted-foreground [&:has([role=checkbox])]:pr-0 [&>[role=checkbox]]:translate-y-[2px] text-right"
            >
              Amount
            </th>
          </tr>
        </thead>
        <tbody
          class="[&_tr:last-child]:border-0"
        >
          <tr
            class="border-b transition-colors hover:bg-muted/50 data-[state=selected]:bg-muted"
          >
            <td
              class="p-2 align-middle [&:has([role=checkbox])]:pr-0 [&>[role=checkbox]]:translate-y-[2px] font-medium"
            >
              INV001
            </td>
            <td
              class="p-2 align-middle [&:has([role=checkbox])]:pr-0 [&>[role=checkbox]]:translate-y-[2px]"
            >
              Paid
            </td>
            <td
              class="p-2 align-middle [&:has([role=checkbox])]:pr-0 [&>[role=checkbox]]:translate-y-[2px]"
            >
              Credit Card
            </td>
            <td
              class="p-2 align-middle [&:has([role=checkbox])]:pr-0 [&>[role=checkbox]]:translate-y-[2px] text-right"
            >
              $250.00
            </td>
          </tr>
          <tr
            class="border-b transition-colors hover:bg-muted/50 data-[state=selected]:bg-muted"
          >
            <td
              class="p-2 align-middle [&:has([role=checkbox])]:pr-0 [&>[role=checkbox]]:translate-y-[2px] font-medium"
            >
              INV002
            </td>
            <td
              class="p-2 align-middle [&:has([role=checkbox])]:pr-0 [&>[role=checkbox]]:translate-y-[2px]"
            >
              Pending
            </td>
            <td
              class="p-2 align-middle [&:has([role=checkbox])]:pr-0 [&>[role=checkbox]]:translate-y-[2px]"
            >
              PayPal
            </td>
            <td
              class="p-2 align-middle [&:has([role=checkbox])]:pr-0 [&>[role=checkbox]]:translate-y-[2px] text-right"
            >
              $150.00
            </td>
          </tr>
          <tr
            class="border-b transition-colors hover:bg-muted/50 data-[state=selected]:bg-muted"
          >
            <td
              class="p-2 align-middle [&:has([role=checkbox])]:pr-0 [&>[role=checkbox]]:translate-y-[2px] font-medium"
            >
              INV003
            </td>
            <td
              class="p-2 align-middle [&:has([role=checkbox])]:pr-0 [&>[role=checkbox]]:translate-y-[2px]"
            >
              Unpaid
            </td>
            <td
              class="p-2 align-middle [&:has([role=checkbox])]:pr-0 [&>[role=checkbox]]:translate-y-[2px]"
            >
              Bank Transfer
            </td>
            <td
              class="p-2 align-middle [&:has([role=checkbox])]:pr-0 [&>[role=checkbox]]:translate-y-[2px] text-right"
            >
              $350.00
            </td>
          </tr>
          <tr
            class="border-b transition-colors hover:bg-muted/50 data-[state=selected]:bg-muted"
          >
            <td
              class="p-2 align-middle [&:has([role=checkbox])]:pr-0 [&>[role=checkbox]]:translate-y-[2px] font-medium"
            >
              INV004
            </td>
            <td
              class="p-2 align-middle [&:has([role=checkbox])]:pr-0 [&>[role=checkbox]]:translate-y-[2px]"
            >
              Paid
            </td>
            <td
              class="p-2 align-middle [&:has([role=checkbox])]:pr-0 [&>[role=checkbox]]:translate-y-[2px]"
            >
              Credit Card
            </td>
            <td
              class="p-2 align-middle [&:has([role=checkbox])]:pr-0 [&>[role=checkbox]]:translate-y-[2px] text-right"
            >
              $450.00
            </td>
          </tr>
          <tr
            class="border-b transition-colors hover:bg-muted/50 data-[state=selected]:bg-muted"
          >
            <td
              class="p-2 align-middle [&:has([role=checkbox])]:pr-0 [&>[role=checkbox]]:translate-y-[2px] font-medium"
            >
              INV005
            </td>
            <td
              class="p-2 align-middle [&:has([role=checkbox])]:pr-0 [&>[role=checkbox]]:translate-y-[2px]"
            >
              Paid
            </td>
            <td
              class="p-2 align-middle [&:has([role=checkbox])]:pr-0 [&>[role=checkbox]]:translate-y-[2px]"
            >
              PayPal
            </td>
            <td
              class="p-2 align-middle [&:has([role=checkbox])]:pr-0 [&>[role=checkbox]]:translate-y-[2px] text-right"
            >
              $550.00
            </td>
          </tr>
          <tr
            class="border-b transition-colors hover:bg-muted/50 data-[state=selected]:bg-muted"
          >
            <td
              class="p-2 align-middle [&:has([role=checkbox])]:pr-0 [&>[role=checkbox]]:translate-y-[2px] font-medium"
            >
              INV006
            </td>
            <td
              class="p-2 align-middle [&:has([role=checkbox])]:pr-0 [&>[role=checkbox]]:translate-y-[2px]"
            >
              Pending
            </td>
            <td
              class="p-2 align-middle [&:has([role=checkbox])]:pr-0 [&>[role=checkbox]]:translate-y-[2px]"
            >
              Bank Transfer
            </td>
            <td
              class="p-2 align-middle [&:has([role=checkbox])]:pr-0 [&>[role=checkbox]]:translate-y-[2px] text-right"
            >
              $200.00
            </td>
          </tr>
          <tr
            class="border-b transition-colors hover:bg-muted/50 data-[state=selected]:bg-muted"
          >
            <td
              class="p-2 align-middle [&:has([role=checkbox])]:pr-0 [&>[role=checkbox]]:translate-y-[2px] font-medium"
            >
              INV007
            </td>
            <td
              class="p-2 align-middle [&:has([role=checkbox])]:pr-0 [&>[role=checkbox]]:translate-y-[2px]"
            >
              Unpaid
            </td>
            <td
              class="p-2 align-middle [&:has([role=checkbox])]:pr-0 [&>[role=checkbox]]:translate-y-[2px]"
            >
              Credit Card
            </td>
            <td
              class="p-2 align-middle [&:has([role=checkbox])]:pr-0 [&>[role=checkbox]]:translate-y-[2px] text-right"
            >
              $300.00
            </td>
          </tr>
        </tbody>
        <tfoot
          class="border-t bg-muted/50 font-medium [&>tr]:last:border-b-0"
        >
          <tr
            class="border-b transition-colors hover:bg-muted/50 data-[state=selected]:bg-muted"
          >
            <td
              class="p-2 align-middle [&:has([role=checkbox])]:pr-0 [&>[role=checkbox]]:translate-y-[2px]"
              colspan="3"
            >
              Total
            </td>
            <td
              class="p-2 align-middle [&:has([role=checkbox])]:pr-0 [&>[role=checkbox]]:translate-y-[2px] text-right"
            >
              $2,500.00
            </td>
          </tr>
        </tfoot>
      </table>
    </div>
  </div>,
  "debug": [Function],
  "findAllByAltText": [Function],
  "findAllByDisplayValue": [Function],
  "findAllByLabelText": [Function],
  "findAllByPlaceholderText": [Function],
  "findAllByRole": [Function],
  "findAllByTestId": [Function],
  "findAllByText": [Function],
  "findAllByTitle": [Function],
  "findByAltText": [Function],
  "findByDisplayValue": [Function],
  "findByLabelText": [Function],
  "findByPlaceholderText": [Function],
  "findByRole": [Function],
  "findByTestId": [Function],
  "findByText": [Function],
  "findByTitle": [Function],
  "getAllByAltText": [Function],
  "getAllByDisplayValue": [Function],
  "getAllByLabelText": [Function],
  "getAllByPlaceholderText": [Function],
  "getAllByRole": [Function],
  "getAllByTestId": [Function],
  "getAllByText": [Function],
  "getAllByTitle": [Function],
  "getByAltText": [Function],
  "getByDisplayValue": [Function],
  "getByLabelText": [Function],
  "getByPlaceholderText": [Function],
  "getByRole": [Function],
  "getByTestId": [Function],
  "getByText": [Function],
  "getByTitle": [Function],
  "queryAllByAltText": [Function],
  "queryAllByDisplayValue": [Function],
  "queryAllByLabelText": [Function],
  "queryAllByPlaceholderText": [Function],
  "queryAllByRole": [Function],
  "queryAllByTestId": [Function],
  "queryAllByText": [Function],
  "queryAllByTitle": [Function],
  "queryByAltText": [Function],
  "queryByDisplayValue": [Function],
  "queryByLabelText": [Function],
  "queryByPlaceholderText": [Function],
  "queryByRole": [Function],
  "queryByTestId": [Function],
  "queryByText": [Function],
  "queryByTitle": [Function],
  "rerender": [Function],
  "unmount": [Function],
}
`;
