// Vitest Snapshot v1, https://vitest.dev/guide/snapshot.html

exports[`Progress > should render Progress component to match snapshot 1`] = `
{
  "asFragment": [Function],
  "baseElement": <body>
    <div>
      <div
        class="min-w-[150px]"
      >
        <div
          aria-valuemax="100"
          aria-valuemin="0"
          class="relative h-2 overflow-hidden rounded-full bg-primary/20 w-[100%]"
          data-max="100"
          data-state="indeterminate"
          role="progressbar"
        >
          <div
            class="h-full w-full flex-1 bg-primary transition-all"
            data-max="100"
            data-state="indeterminate"
            style="transform: translateX(-87%);"
          />
        </div>
      </div>
    </div>
  </body>,
  "container": <div>
    <div
      class="min-w-[150px]"
    >
      <div
        aria-valuemax="100"
        aria-valuemin="0"
        class="relative h-2 overflow-hidden rounded-full bg-primary/20 w-[100%]"
        data-max="100"
        data-state="indeterminate"
        role="progressbar"
      >
        <div
          class="h-full w-full flex-1 bg-primary transition-all"
          data-max="100"
          data-state="indeterminate"
          style="transform: translateX(-87%);"
        />
      </div>
    </div>
  </div>,
  "debug": [Function],
  "findAllByAltText": [Function],
  "findAllByDisplayValue": [Function],
  "findAllByLabelText": [Function],
  "findAllByPlaceholderText": [Function],
  "findAllByRole": [Function],
  "findAllByTestId": [Function],
  "findAllByText": [Function],
  "findAllByTitle": [Function],
  "findByAltText": [Function],
  "findByDisplayValue": [Function],
  "findByLabelText": [Function],
  "findByPlaceholderText": [Function],
  "findByRole": [Function],
  "findByTestId": [Function],
  "findByText": [Function],
  "findByTitle": [Function],
  "getAllByAltText": [Function],
  "getAllByDisplayValue": [Function],
  "getAllByLabelText": [Function],
  "getAllByPlaceholderText": [Function],
  "getAllByRole": [Function],
  "getAllByTestId": [Function],
  "getAllByText": [Function],
  "getAllByTitle": [Function],
  "getByAltText": [Function],
  "getByDisplayValue": [Function],
  "getByLabelText": [Function],
  "getByPlaceholderText": [Function],
  "getByRole": [Function],
  "getByTestId": [Function],
  "getByText": [Function],
  "getByTitle": [Function],
  "queryAllByAltText": [Function],
  "queryAllByDisplayValue": [Function],
  "queryAllByLabelText": [Function],
  "queryAllByPlaceholderText": [Function],
  "queryAllByRole": [Function],
  "queryAllByTestId": [Function],
  "queryAllByText": [Function],
  "queryAllByTitle": [Function],
  "queryByAltText": [Function],
  "queryByDisplayValue": [Function],
  "queryByLabelText": [Function],
  "queryByPlaceholderText": [Function],
  "queryByRole": [Function],
  "queryByTestId": [Function],
  "queryByText": [Function],
  "queryByTitle": [Function],
  "rerender": [Function],
  "unmount": [Function],
}
`;
